Archive member included to satisfy reference by file (symbol)

/usr/lib/gcc/arm-none-eabi/14.2.0/thumb/v6-m/nofp/libgcc.a(_dvmd_tls.o)
                              CMakeFiles/blink.dir/home/teclis/pico/pico-sdk/src/rp2_common/pico_divider/divider_hardware.S.o (__aeabi_idiv0)
/usr/lib/gcc/arm-none-eabi/14.2.0/../../../../arm-none-eabi/lib/thumb/v6-m/nofp/libg.a(libc_a-atexit.o)
                              /usr/lib/gcc/arm-none-eabi/14.2.0/../../../../arm-none-eabi/lib/thumb/v6-m/nofp/crt0.o (atexit)
/usr/lib/gcc/arm-none-eabi/14.2.0/../../../../arm-none-eabi/lib/thumb/v6-m/nofp/libg.a(libc_a-calloc.o)
                              CMakeFiles/blink.dir/home/teclis/pico/pico-sdk/src/rp2_common/pico_malloc/malloc.c.o (calloc)
/usr/lib/gcc/arm-none-eabi/14.2.0/../../../../arm-none-eabi/lib/thumb/v6-m/nofp/libg.a(libc_a-callocr.o)
                              /usr/lib/gcc/arm-none-eabi/14.2.0/../../../../arm-none-eabi/lib/thumb/v6-m/nofp/libg.a(libc_a-calloc.o) (_calloc_r)
/usr/lib/gcc/arm-none-eabi/14.2.0/../../../../arm-none-eabi/lib/thumb/v6-m/nofp/libg.a(libc_a-malloc.o)
                              CMakeFiles/blink.dir/home/teclis/pico/pico-sdk/src/rp2_common/pico_malloc/malloc.c.o (malloc)
/usr/lib/gcc/arm-none-eabi/14.2.0/../../../../arm-none-eabi/lib/thumb/v6-m/nofp/libg.a(libc_a-mallocr.o)
                              /usr/lib/gcc/arm-none-eabi/14.2.0/../../../../arm-none-eabi/lib/thumb/v6-m/nofp/libg.a(libc_a-callocr.o) (_malloc_r)
/usr/lib/gcc/arm-none-eabi/14.2.0/../../../../arm-none-eabi/lib/thumb/v6-m/nofp/libg.a(libc_a-mlock.o)
                              /usr/lib/gcc/arm-none-eabi/14.2.0/../../../../arm-none-eabi/lib/thumb/v6-m/nofp/libg.a(libc_a-mallocr.o) (__malloc_lock)
/usr/lib/gcc/arm-none-eabi/14.2.0/../../../../arm-none-eabi/lib/thumb/v6-m/nofp/libg.a(libc_a-realloc.o)
                              CMakeFiles/blink.dir/home/teclis/pico/pico-sdk/src/rp2_common/pico_malloc/malloc.c.o (realloc)
/usr/lib/gcc/arm-none-eabi/14.2.0/../../../../arm-none-eabi/lib/thumb/v6-m/nofp/libg.a(libc_a-reallocr.o)
                              /usr/lib/gcc/arm-none-eabi/14.2.0/../../../../arm-none-eabi/lib/thumb/v6-m/nofp/libg.a(libc_a-realloc.o) (_realloc_r)
/usr/lib/gcc/arm-none-eabi/14.2.0/../../../../arm-none-eabi/lib/thumb/v6-m/nofp/libg.a(libc_a-memcmp.o)
                              CMakeFiles/blink.dir/home/teclis/pico/pico-sdk/src/rp2_common/pico_atomic/atomic.c.o (memcmp)
/usr/lib/gcc/arm-none-eabi/14.2.0/../../../../arm-none-eabi/lib/thumb/v6-m/nofp/libg.a(libc_a-memmove.o)
                              /usr/lib/gcc/arm-none-eabi/14.2.0/../../../../arm-none-eabi/lib/thumb/v6-m/nofp/libg.a(libc_a-reallocr.o) (memmove)
/usr/lib/gcc/arm-none-eabi/14.2.0/../../../../arm-none-eabi/lib/thumb/v6-m/nofp/libg.a(libc_a-lcltime_r.o)
                              CMakeFiles/blink.dir/home/teclis/pico/pico-sdk/src/common/pico_util/datetime.c.o (localtime_r)
/usr/lib/gcc/arm-none-eabi/14.2.0/../../../../arm-none-eabi/lib/thumb/v6-m/nofp/libg.a(libc_a-mktime.o)
                              CMakeFiles/blink.dir/home/teclis/pico/pico-sdk/src/common/pico_util/datetime.c.o (mktime)
/usr/lib/gcc/arm-none-eabi/14.2.0/../../../../arm-none-eabi/lib/thumb/v6-m/nofp/libg.a(libc_a-month_lengths.o)
                              /usr/lib/gcc/arm-none-eabi/14.2.0/../../../../arm-none-eabi/lib/thumb/v6-m/nofp/libg.a(libc_a-lcltime_r.o) (__month_lengths)
/usr/lib/gcc/arm-none-eabi/14.2.0/../../../../arm-none-eabi/lib/thumb/v6-m/nofp/libg.a(libc_a-tzcalc_limits.o)
                              /usr/lib/gcc/arm-none-eabi/14.2.0/../../../../arm-none-eabi/lib/thumb/v6-m/nofp/libg.a(libc_a-lcltime_r.o) (__tzcalc_limits)
/usr/lib/gcc/arm-none-eabi/14.2.0/../../../../arm-none-eabi/lib/thumb/v6-m/nofp/libg.a(libc_a-tzlock.o)
                              /usr/lib/gcc/arm-none-eabi/14.2.0/../../../../arm-none-eabi/lib/thumb/v6-m/nofp/libg.a(libc_a-lcltime_r.o) (__tz_lock)
/usr/lib/gcc/arm-none-eabi/14.2.0/../../../../arm-none-eabi/lib/thumb/v6-m/nofp/libg.a(libc_a-tzset.o)
                              /usr/lib/gcc/arm-none-eabi/14.2.0/../../../../arm-none-eabi/lib/thumb/v6-m/nofp/libg.a(libc_a-lcltime_r.o) (_tzset_unlocked)
/usr/lib/gcc/arm-none-eabi/14.2.0/../../../../arm-none-eabi/lib/thumb/v6-m/nofp/libg.a(libc_a-tzset_r.o)
                              /usr/lib/gcc/arm-none-eabi/14.2.0/../../../../arm-none-eabi/lib/thumb/v6-m/nofp/libg.a(libc_a-tzset.o) (_tzset_unlocked_r)
/usr/lib/gcc/arm-none-eabi/14.2.0/../../../../arm-none-eabi/lib/thumb/v6-m/nofp/libg.a(libc_a-tzvars.o)
                              /usr/lib/gcc/arm-none-eabi/14.2.0/../../../../arm-none-eabi/lib/thumb/v6-m/nofp/libg.a(libc_a-tzset_r.o) (_timezone)
/usr/lib/gcc/arm-none-eabi/14.2.0/../../../../arm-none-eabi/lib/thumb/v6-m/nofp/libg.a(libc_a-impure.o)
                              /usr/lib/gcc/arm-none-eabi/14.2.0/../../../../arm-none-eabi/lib/thumb/v6-m/nofp/libg.a(libc_a-calloc.o) (_impure_ptr)
[...]
Memory Configuration

Name             Origin             Length             Attributes
FLASH            0x10000000         0x00200000         xr
RAM              0x20000000         0x00040000         xrw
SCRATCH_X        0x20040000         0x00001000         xrw
SCRATCH_Y        0x20041000         0x00001000         xrw
*default*        0x00000000         0xffffffff

Linker script and memory map

LOAD /usr/lib/gcc/arm-none-eabi/14.2.0/thumb/v6-m/nofp/crti.o
LOAD /usr/lib/gcc/arm-none-eabi/14.2.0/thumb/v6-m/nofp/crtbegin.o
LOAD /usr/lib/gcc/arm-none-eabi/14.2.0/../../../../arm-none-eabi/lib/thumb/v6-m/nofp/crt0.o

.flash_begin    0x10000000        0x0
                0x10000000                        __flash_binary_start = .

.boot2          0x10000000      0x100
                0x10000000                        __boot2_start__ = .
 *(.boot2)
 .boot2         0x10000000      0x100 pico-sdk/src/rp2040/boot_stage2/CMakeFiles/bs2_default_library.dir/bs2_default_padded_checksummed.S.o
                0x10000100                        __boot2_end__ = .
                0x00000001                        ASSERT (((__boot2_end__ - __boot2_start__) == 0x100), ERROR: Pico second stage bootloader must be 256 bytes in size)

.text           0x10000100     0x16dc
                0x10000100                        __logical_binary_start = .
 *(.vectors)
 .vectors       0x10000100       0xd4 CMakeFiles/blink.dir/home/teclis/pico/pico-sdk/src/rp2_common/pico_crt0/crt0.S.o
                0x10000100                __vectors
                0x10000100                __VECTOR_TABLE
                0x100001c0                isr_invalid
                0x100001c0                __default_isrs_start
                0x100001c2                isr_nmi
                0x100001c4                isr_hardfault
                0x100001c6                isr_svcall
                0x100001c8                isr_pendsv
                0x100001ca                isr_systick
                0x100001cc                isr_irq30
                0x100001cc                __unhandled_user_irq
                0x100001cc                isr_irq13
                0x100001cc                isr_irq27
                0x100001cc                isr_irq31
                0x100001cc                isr_irq5
                0x100001cc                isr_irq11
                0x100001cc                isr_irq23
                0x100001cc                isr_irq18
                0x100001cc                isr_irq28
                0x100001cc                isr_irq19
                0x100001cc                isr_irq0
                0x100001cc                isr_irq6
                0x100001cc                isr_irq22
                0x100001cc                isr_irq17
                0x100001cc                isr_irq14
                0x100001cc                isr_irq2
                0x100001cc                isr_irq10
                0x100001cc                isr_irq8
                0x100001cc                isr_irq24
                0x100001cc                isr_irq1
                0x100001cc                isr_irq7
                0x100001cc                isr_irq21
                0x100001cc                isr_irq20
                0x100001cc                isr_irq15
                0x100001cc                isr_irq25
                0x100001cc                isr_irq4
                0x100001cc                isr_irq16
                0x100001cc                isr_irq29
                0x100001cc                isr_irq26
                0x100001cc                __default_isrs_end
                0x100001cc                isr_irq3
                0x100001cc                isr_irq12
                0x100001cc                isr_irq9
                0x100001d2                unhandled_user_irq_num_in_r0
 *(.binary_info_header)
 .binary_info_header
                0x100001d4       0x14 CMakeFiles/blink.dir/home/teclis/pico/pico-sdk/src/rp2_common/pico_crt0/crt0.S.o
                0x100001e8                        __binary_info_header_end = .
 *(.embedded_block)
                0x100001e8                        __embedded_block_end = .
 *(.reset)
 .reset         0x100001e8       0x9c CMakeFiles/blink.dir/home/teclis/pico/pico-sdk/src/rp2_common/pico_crt0/crt0.S.o
                0x100001e8                _entry_point
 *(.init)
 .init          0x10000284        0x4 /usr/lib/gcc/arm-none-eabi/14.2.0/thumb/v6-m/nofp/crti.o
                0x10000284                _init
 *(EXCLUDE_FILE(*libm.a: *libc.a:*lib_a-mem*.o *libgcc.a:) .text*)
 .text.frame_dummy
                0x10000288       0x20 /usr/lib/gcc/arm-none-eabi/14.2.0/thumb/v6-m/nofp/crtbegin.o
 .text.startup.main
                0x100002a8       0x28 CMakeFiles/blink.dir/blink.c.o
                0x100002a8                main
 .text.gpio_init
                0x100002d0       0x40 CMakeFiles/blink.dir/home/teclis/pico/pico-sdk/src/rp2_common/hardware_gpio/gpio.c.o
                0x100002d0                gpio_init
 .text.panic    0x10000310       0x30 CMakeFiles/blink.dir/home/teclis/pico/pico-sdk/src/rp2_common/pico_platform_panic/panic.c.o
                0x10000310                panic
 .text.hw_claim_or_assert
                0x10000340       0x44 CMakeFiles/blink.dir/home/teclis/pico/pico-sdk/src/common/hardware_claim/claim.c.o
                0x10000340                hw_claim_or_assert
 .text.next_striped_spin_lock_num
                0x10000384       0x18 CMakeFiles/blink.dir/home/teclis/pico/pico-sdk/src/rp2_common/hardware_sync/sync.c.o
                0x10000384                next_striped_spin_lock_num
 .text.spin_locks_reset
                0x1000039c       0x1c CMakeFiles/blink.dir/home/teclis/pico/pico-sdk/src/rp2_common/hardware_sync_spin_lock/sync_spin_lock.c.o
                0x1000039c                spin_locks_reset
 .text.runtime_init_per_core_irq_priorities
                0x100003b8       0x24 CMakeFiles/blink.dir/home/teclis/pico/pico-sdk/src/rp2_common/hardware_irq/irq.c.o
                0x100003b8                runtime_init_per_core_irq_priorities
 .text.irq_set_enabled
                0x100003dc       0x24 CMakeFiles/blink.dir/home/teclis/pico/pico-sdk/src/rp2_common/hardware_irq/irq.c.o
                0x100003dc                irq_set_enabled
 .text.irq_set_exclusive_handler
                0x10000400       0x54 CMakeFiles/blink.dir/home/teclis/pico/pico-sdk/src/rp2_common/hardware_irq/irq.c.o
                0x10000400                irq_set_exclusive_handler
 .text.lock_init
                0x10000454       0x10 CMakeFiles/blink.dir/home/teclis/pico/pico-sdk/src/common/pico_sync/lock_core.c.o
                0x10000454                lock_init
 .text.runtime_init_mutex
                0x10000464       0x50 CMakeFiles/blink.dir/home/teclis/pico/pico-sdk/src/common/pico_sync/mutex.c.o
                0x10000464                runtime_init_mutex
 .text.sleep_until_callback
                0x100004b4       0x30 CMakeFiles/blink.dir/home/teclis/pico/pico-sdk/src/common/pico_time/time.c.o
 .text.alarm_pool_irq_handler
                0x100004e4      0x2fc CMakeFiles/blink.dir/home/teclis/pico/pico-sdk/src/common/pico_time/time.c.o
 .text.runtime_init_default_alarm_pool
                0x100007e0       0xdc CMakeFiles/blink.dir/home/teclis/pico/pico-sdk/src/common/pico_time/time.c.o
                0x100007e0                runtime_init_default_alarm_pool
 .text.alarm_pool_add_alarm_at_force_in_context
                0x100008bc       0xb0 CMakeFiles/blink.dir/home/teclis/pico/pico-sdk/src/common/pico_time/time.c.o
                0x100008bc                alarm_pool_add_alarm_at_force_in_context
 .text.alarm_pool_cancel_alarm
                0x1000096c       0x74 CMakeFiles/blink.dir/home/teclis/pico/pico-sdk/src/common/pico_time/time.c.o
                0x1000096c                alarm_pool_cancel_alarm
 .text.sleep_ms
                0x100009e0       0xfc CMakeFiles/blink.dir/home/teclis/pico/pico-sdk/src/common/pico_time/time.c.o
                0x100009e0                sleep_ms
 .text.best_effort_wfe_or_timeout
                0x10000adc       0xec CMakeFiles/blink.dir/home/teclis/pico/pico-sdk/src/common/pico_time/time.c.o
                0x10000adc                best_effort_wfe_or_timeout
 .text.timer_hardware_alarm_claim
                0x10000bc8       0x14 CMakeFiles/blink.dir/home/teclis/pico/pico-sdk/src/rp2_common/hardware_timer/timer.c.o
                0x10000bc8                timer_hardware_alarm_claim
 .text.timer_time_us_64
                0x10000bdc       0x10 CMakeFiles/blink.dir/home/teclis/pico/pico-sdk/src/rp2_common/hardware_timer/timer.c.o
                0x10000bdc                timer_time_us_64
 .text.time_us_64
                0x10000bec       0x14 CMakeFiles/blink.dir/home/teclis/pico/pico-sdk/src/rp2_common/hardware_timer/timer.c.o
                0x10000bec                time_us_64
 .text.busy_wait_until
                0x10000c00       0x20 CMakeFiles/blink.dir/home/teclis/pico/pico-sdk/src/rp2_common/hardware_timer/timer.c.o
                0x10000c00                busy_wait_until
 .text.clock_configure_int_divider
                0x10000c20       0xf4 CMakeFiles/blink.dir/home/teclis/pico/pico-sdk/src/rp2_common/hardware_clocks/clocks.c.o
                0x10000c20                clock_configure_int_divider
 .text.clock_configure_undivided
                0x10000d14       0xe8 CMakeFiles/blink.dir/home/teclis/pico/pico-sdk/src/rp2_common/hardware_clocks/clocks.c.o
                0x10000d14                clock_configure_undivided
 .text.clock_get_hz
                0x10000dfc        0xc CMakeFiles/blink.dir/home/teclis/pico/pico-sdk/src/rp2_common/hardware_clocks/clocks.c.o
                0x10000dfc                clock_get_hz
 .text.pll_init
                0x10000e08       0xa4 CMakeFiles/blink.dir/home/teclis/pico/pico-sdk/src/rp2_common/hardware_pll/pll.c.o
                0x10000e08                pll_init
 .text.tick_start
                0x10000eac       0x10 CMakeFiles/blink.dir/home/teclis/pico/pico-sdk/src/rp2_common/hardware_ticks/ticks.c.o
                0x10000eac                tick_start
 .text.rom_func_lookup
                0x10000ebc       0x10 CMakeFiles/blink.dir/home/teclis/pico/pico-sdk/src/rp2_common/pico_bootrom/bootrom.c.o
                0x10000ebc                rom_func_lookup
 .text.rom_data_lookup
                0x10000ecc       0x10 CMakeFiles/blink.dir/home/teclis/pico/pico-sdk/src/rp2_common/pico_bootrom/bootrom.c.o
                0x10000ecc                rom_data_lookup
 .text.rom_funcs_lookup
                0x10000edc       0x44 CMakeFiles/blink.dir/home/teclis/pico/pico-sdk/src/rp2_common/pico_bootrom/bootrom.c.o
                0x10000edc                rom_funcs_lookup
 .text.xosc_init
                0x10000f20       0x28 CMakeFiles/blink.dir/home/teclis/pico/pico-sdk/src/rp2_common/hardware_xosc/xosc.c.o
                0x10000f20                xosc_init
 .text.first_per_core_initializer
                0x10000f48        0x4 CMakeFiles/blink.dir/home/teclis/pico/pico-sdk/src/rp2_common/pico_runtime/runtime.c.o
 .text.hard_assertion_failure
                0x10000f4c        0xc CMakeFiles/blink.dir/home/teclis/pico/pico-sdk/src/rp2_common/pico_runtime/runtime.c.o
                0x10000f4c                hard_assertion_failure
 .text.runtime_run_initializers
                0x10000f58       0x28 CMakeFiles/blink.dir/home/teclis/pico/pico-sdk/src/rp2_common/pico_runtime/runtime.c.o
                0x10000f58                runtime_run_initializers
 .text.runtime_init_early_resets
                0x10000f80       0x2c CMakeFiles/blink.dir/home/teclis/pico/pico-sdk/src/rp2_common/pico_runtime_init/runtime_init.c.o
                0x10000f80                runtime_init_early_resets
 .text.runtime_init_usb_power_down
                0x10000fac       0x1c CMakeFiles/blink.dir/home/teclis/pico/pico-sdk/src/rp2_common/pico_runtime_init/runtime_init.c.o
                0x10000fac                runtime_init_usb_power_down
 .text.runtime_init_post_clock_resets
                0x10000fc8       0x20 CMakeFiles/blink.dir/home/teclis/pico/pico-sdk/src/rp2_common/pico_runtime_init/runtime_init.c.o
                0x10000fc8                runtime_init_post_clock_resets
 .text.runtime_init_rp2040_gpio_ie_disable
                0x10000fe8       0x14 CMakeFiles/blink.dir/home/teclis/pico/pico-sdk/src/rp2_common/pico_runtime_init/runtime_init.c.o
                0x10000fe8                runtime_init_rp2040_gpio_ie_disable
 .text.runtime_init_spin_locks_reset
                0x10000ffc        0x8 CMakeFiles/blink.dir/home/teclis/pico/pico-sdk/src/rp2_common/pico_runtime_init/runtime_init.c.o
                0x10000ffc                runtime_init_spin_locks_reset
 .text.runtime_init_install_ram_vector_table
                0x10001004       0x1c CMakeFiles/blink.dir/home/teclis/pico/pico-sdk/src/rp2_common/pico_runtime_init/runtime_init.c.o
                0x10001004                runtime_init_install_ram_vector_table
 .text.runtime_init_clocks
                0x10001020       0xd8 CMakeFiles/blink.dir/home/teclis/pico/pico-sdk/src/rp2_common/pico_runtime_init/runtime_init_clocks.c.o
                0x10001020                runtime_init_clocks
 .text          0x100010f8       0x10 CMakeFiles/blink.dir/home/teclis/pico/pico-sdk/src/rp2_common/pico_bit_ops/bit_ops_aeabi.S.o
 .text.__wrap___aeabi_uidiv
                0x10001108       0x4c CMakeFiles/blink.dir/home/teclis/pico/pico-sdk/src/rp2_common/pico_divider/divider_hardware.S.o
                0x10001108                __wrap___aeabi_uidiv
                0x10001108                __wrap___aeabi_uidivmod
                0x10001108                div_u32u32
                0x10001108                divmod_u32u32
                0x10001110                divmod_u32u32_unsafe
                0x10001138                divmod_u32u32_savestate
 .text.__aeabi_double_init
                0x10001154       0xa4 CMakeFiles/blink.dir/home/teclis/pico/pico-sdk/src/rp2_common/pico_double/double_init_rom_rp2040.c.o
                0x10001154                __aeabi_double_init
 .text.double_table_shim_on_use_helper
                0x100011f8       0x2c CMakeFiles/blink.dir/home/teclis/pico/pico-sdk/src/rp2_common/pico_double/double_v1_rom_shim_rp2040.S.o
                0x100011f8                double_table_shim_on_use_helper
 .text.__aeabi_lmul
                0x10001224       0x32 CMakeFiles/blink.dir/home/teclis/pico/pico-sdk/src/rp2_common/pico_int64_ops/pico_int64_ops_aeabi.S.o
                0x10001224                __wrap___aeabi_lmul
 *fill*         0x10001256        0x2 
 .text.__aeabi_float_init
                0x10001258       0x64 CMakeFiles/blink.dir/home/teclis/pico/pico-sdk/src/rp2_common/pico_float/float_init_rom_rp2040.c.o
                0x10001258                __aeabi_float_init
 .text.float_table_shim_on_use_helper
                0x100012bc       0x2c CMakeFiles/blink.dir/home/teclis/pico/pico-sdk/src/rp2_common/pico_float/float_v1_rom_shim_rp2040.S.o
                0x100012bc                float_table_shim_on_use_helper
 .text          0x100012e8       0x10 CMakeFiles/blink.dir/home/teclis/pico/pico-sdk/src/rp2_common/pico_mem_ops/mem_ops_aeabi.S.o
                0x100012e8                __aeabi_mem_init
 .text.memcpy   0x100012f8        0xc CMakeFiles/blink.dir/home/teclis/pico/pico-sdk/src/rp2_common/pico_mem_ops/mem_ops_aeabi.S.o
                0x100012f8                __wrap___aeabi_memcpy
                0x100012f8                __wrap_memcpy
 .text._out_char
                0x10001304       0x10 CMakeFiles/blink.dir/home/teclis/pico/pico-sdk/src/rp2_common/pico_printf/printf.c.o
 .text.weak_raw_vprintf
                0x10001314       0x30 CMakeFiles/blink.dir/home/teclis/pico/pico-sdk/src/rp2_common/pico_printf/printf.c.o
                0x10001314                weak_raw_vprintf
 .text._exit    0x10001344        0x4 CMakeFiles/blink.dir/home/teclis/pico/pico-sdk/src/rp2_common/pico_clib_interface/newlib_interface.c.o
                0x10001344                _exit
 .text.exit     0x10001348        0x8 CMakeFiles/blink.dir/home/teclis/pico/pico-sdk/src/rp2_common/pico_clib_interface/newlib_interface.c.o
                0x10001348                exit
 .text.runtime_init
                0x10001350       0x2c CMakeFiles/blink.dir/home/teclis/pico/pico-sdk/src/rp2_common/pico_clib_interface/newlib_interface.c.o
                0x10001350                runtime_init
 .text.stdio_out_chars_no_crlf
                0x1000137c       0x10 CMakeFiles/blink.dir/home/teclis/pico/pico-sdk/src/rp2_common/pico_stdio/stdio.c.o
 .text.stdio_out_chars_crlf
                0x1000138c       0xb0 CMakeFiles/blink.dir/home/teclis/pico/pico-sdk/src/rp2_common/pico_stdio/stdio.c.o
 .text.stdio_put_string
                0x1000143c       0xfc CMakeFiles/blink.dir/home/teclis/pico/pico-sdk/src/rp2_common/pico_stdio/stdio.c.o
                0x1000143c                stdio_put_string
 .text.__wrap_putchar
                0x10001538       0x94 CMakeFiles/blink.dir/home/teclis/pico/pico-sdk/src/rp2_common/pico_stdio/stdio.c.o
                0x10001538                stdio_putchar
                0x10001538                __wrap_putchar
 .text.__wrap_puts
                0x100015cc       0x3c CMakeFiles/blink.dir/home/teclis/pico/pico-sdk/src/rp2_common/pico_stdio/stdio.c.o
                0x100015cc                __wrap_puts
                0x100015cc                stdio_puts
 .text.atexit   0x10001608       0x10 /usr/lib/gcc/arm-none-eabi/14.2.0/../../../../arm-none-eabi/lib/thumb/v6-m/nofp/libg.a(libc_a-atexit.o)
                0x10001608                atexit
 .text.__libc_fini_array
                0x10001618       0x28 /usr/lib/gcc/arm-none-eabi/14.2.0/../../../../arm-none-eabi/lib/thumb/v6-m/nofp/libg.a(libc_a-fini.o)
                0x10001618                __libc_fini_array
 .text.__retarget_lock_acquire_recursive
                0x10001640        0x4 /usr/lib/gcc/arm-none-eabi/14.2.0/../../../../arm-none-eabi/lib/thumb/v6-m/nofp/libg.a(libc_a-lock.o)
                0x10001640                __retarget_lock_acquire_recursive
 .text.__retarget_lock_release_recursive
                0x10001644        0x4 /usr/lib/gcc/arm-none-eabi/14.2.0/../../../../arm-none-eabi/lib/thumb/v6-m/nofp/libg.a(libc_a-lock.o)
                0x10001644                __retarget_lock_release_recursive
 .text.strlen   0x10001648       0x5c /usr/lib/gcc/arm-none-eabi/14.2.0/../../../../arm-none-eabi/lib/thumb/v6-m/nofp/libg.a(libc_a-strlen-stub.o)
                0x10001648                strlen
 .text.__register_exitproc
                0x100016a4       0xa8 /usr/lib/gcc/arm-none-eabi/14.2.0/../../../../arm-none-eabi/lib/thumb/v6-m/nofp/libg.a(libc_a-__atexit.o)
                0x100016a4                __register_exitproc
 .text.startup.register_fini
                0x1000174c       0x18 /usr/lib/gcc/arm-none-eabi/14.2.0/../../../../arm-none-eabi/lib/thumb/v6-m/nofp/libg.a(libc_a-__call_atexit.o)
 *(.fini)
 .fini          0x10001764        0x4 /usr/lib/gcc/arm-none-eabi/14.2.0/thumb/v6-m/nofp/crti.o
                0x10001764                _fini
 .fini.__stub   0x10001768       0x30 linker stubs
 *crtbegin.o(.ctors)
 *crtbegin?.o(.ctors)
 *(EXCLUDE_FILE(*crtend.o *crtend?.o) .ctors)
 *(SORT_BY_NAME(.ctors.*))
 *(.ctors)
 *crtbegin.o(.dtors)
 *crtbegin?.o(.dtors)
 *(EXCLUDE_FILE(*crtend.o *crtend?.o) .dtors)
 *(SORT_BY_NAME(.dtors.*))
 *(.dtors)
                0x10001798                        . = ALIGN (0x4)
                0x10001798                        PROVIDE (__preinit_array_start = .)
 *(SORT_BY_NAME(.preinit_array.*))
 .preinit_array.00100
                0x10001798        0x4 CMakeFiles/blink.dir/home/teclis/pico/pico-sdk/src/rp2_common/pico_runtime_init/runtime_init.c.o
                0x10001798                __pre_init_runtime_init_early_resets
 .preinit_array.00101
                0x1000179c        0x4 CMakeFiles/blink.dir/home/teclis/pico/pico-sdk/src/rp2_common/pico_runtime_init/runtime_init.c.o
                0x1000179c                __pre_init_runtime_init_usb_power_down
 .preinit_array.00275
                0x100017a0        0x4 CMakeFiles/blink.dir/home/teclis/pico/pico-sdk/src/rp2_common/pico_bit_ops/bit_ops_aeabi.S.o
 .preinit_array.00300
                0x100017a4        0x4 CMakeFiles/blink.dir/home/teclis/pico/pico-sdk/src/rp2_common/pico_mem_ops/mem_ops_aeabi.S.o
 .preinit_array.00350
                0x100017a8        0x4 CMakeFiles/blink.dir/home/teclis/pico/pico-sdk/src/rp2_common/pico_double/double_aeabi_rp2040.S.o
 .preinit_array.00350
                0x100017ac        0x4 CMakeFiles/blink.dir/home/teclis/pico/pico-sdk/src/rp2_common/pico_float/float_aeabi_rp2040.S.o
 .preinit_array.00500
                0x100017b0        0x4 CMakeFiles/blink.dir/home/teclis/pico/pico-sdk/src/rp2_common/pico_runtime_init/runtime_init.c.o
                0x100017b0                __pre_init_runtime_init_clocks
 .preinit_array.00600
                0x100017b4        0x4 CMakeFiles/blink.dir/home/teclis/pico/pico-sdk/src/rp2_common/pico_runtime_init/runtime_init.c.o
                0x100017b4                __pre_init_runtime_init_post_clock_resets
 .preinit_array.00700
                0x100017b8        0x4 CMakeFiles/blink.dir/home/teclis/pico/pico-sdk/src/rp2_common/pico_runtime_init/runtime_init.c.o
                0x100017b8                __pre_init_runtime_init_rp2040_gpio_ie_disable
 .preinit_array.01000
                0x100017bc        0x4 CMakeFiles/blink.dir/home/teclis/pico/pico-sdk/src/rp2_common/pico_runtime_init/runtime_init.c.o
                0x100017bc                __pre_init_runtime_init_spin_locks_reset
 .preinit_array.01100
                0x100017c0        0x4 CMakeFiles/blink.dir/home/teclis/pico/pico-sdk/src/common/pico_sync/mutex.c.o
                0x100017c0                __pre_init_runtime_init_mutex
 .preinit_array.10080
                0x100017c4        0x4 CMakeFiles/blink.dir/home/teclis/pico/pico-sdk/src/rp2_common/pico_runtime_init/runtime_init.c.o
                0x100017c4                __pre_init_runtime_init_install_ram_vector_table
 .preinit_array.11000
                0x100017c8        0x4 CMakeFiles/blink.dir/home/teclis/pico/pico-sdk/src/common/pico_time/time.c.o
                0x100017c8                __pre_init_runtime_init_default_alarm_pool
 .preinit_array.YYYYY
                0x100017cc        0x4 CMakeFiles/blink.dir/home/teclis/pico/pico-sdk/src/rp2_common/pico_runtime/runtime.c.o
                0x100017cc                __pre_init_first_per_core_initializer
 .preinit_array.ZZZZZ.01200
                0x100017d0        0x4 CMakeFiles/blink.dir/home/teclis/pico/pico-sdk/src/rp2_common/hardware_irq/irq.c.o
                0x100017d0                __pre_init_runtime_init_per_core_irq_priorities
 *(.preinit_array)
                0x100017d4                        PROVIDE (__preinit_array_end = .)
                0x100017d4                        . = ALIGN (0x4)
                0x100017d4                        PROVIDE (__init_array_start = .)
 *(SORT_BY_NAME(.init_array.*))
 .init_array.00000
                0x100017d4        0x4 /usr/lib/gcc/arm-none-eabi/14.2.0/../../../../arm-none-eabi/lib/thumb/v6-m/nofp/libg.a(libc_a-__call_atexit.o)
 *(.init_array)
 .init_array    0x100017d8        0x4 /usr/lib/gcc/arm-none-eabi/14.2.0/thumb/v6-m/nofp/crtbegin.o
                0x100017dc                        PROVIDE (__init_array_end = .)
                0x100017dc                        . = ALIGN (0x4)
                0x100017dc                        PROVIDE (__fini_array_start = .)
 *(SORT_BY_NAME(.fini_array.*))
 *(.fini_array)
                0x100017dc                        PROVIDE (__fini_array_end = .)
 *(.eh_frame*)
 .eh_frame      0x100017dc        0x0 /usr/lib/gcc/arm-none-eabi/14.2.0/thumb/v6-m/nofp/crtbegin.o
                0x100017dc                        . = ALIGN (0x4)

.glue_7         0x100017dc        0x0
 .glue_7        0x100017dc        0x0 linker stubs

.glue_7t        0x100017dc        0x0
 .glue_7t       0x100017dc        0x0 linker stubs

.vfp11_veneer   0x100017dc        0x0
 .vfp11_veneer  0x100017dc        0x0 linker stubs

.v4_bx          0x100017dc        0x0
 .v4_bx         0x100017dc        0x0 linker stubs

.iplt           0x100017dc        0x0
 .iplt          0x100017dc        0x0 /usr/lib/gcc/arm-none-eabi/14.2.0/thumb/v6-m/nofp/crtbegin.o

.rodata         0x100017dc       0xd8
 *(EXCLUDE_FILE(*libm.a: *libc.a:*lib_a-mem*.o *libgcc.a:) .rodata*)
 .rodata.panic.str1.4
                0x100017dc       0x80 CMakeFiles/blink.dir/home/teclis/pico/pico-sdk/src/rp2_common/pico_platform_panic/panic.c.o
                                 0x12 (size before relaxing)
 .rodata.timer_hardware_alarm_claim.str1.4
                0x1000185c       0x22 CMakeFiles/blink.dir/home/teclis/pico/pico-sdk/src/rp2_common/hardware_timer/timer.c.o
 .rodata.hard_assertion_failure.str1.4
                0x1000185c        0xc CMakeFiles/blink.dir/home/teclis/pico/pico-sdk/src/rp2_common/pico_runtime/runtime.c.o
 .rodata.str1.4
                0x1000185c       0x3c CMakeFiles/blink.dir/home/teclis/pico/pico-sdk/src/rp2_common/pico_standard_binary_info/standard_binary_info.c.o
 .rodata.__bi_84
                0x1000185c        0xc CMakeFiles/blink.dir/home/teclis/pico/pico-sdk/src/rp2_common/pico_standard_binary_info/standard_binary_info.c.o
 .rodata.__bi_78
                0x10001868        0xc CMakeFiles/blink.dir/home/teclis/pico/pico-sdk/src/rp2_common/pico_standard_binary_info/standard_binary_info.c.o
 .rodata.__bi_54
                0x10001874        0xc CMakeFiles/blink.dir/home/teclis/pico/pico-sdk/src/rp2_common/pico_standard_binary_info/standard_binary_info.c.o
 .rodata.__bi_48
                0x10001880        0xc CMakeFiles/blink.dir/home/teclis/pico/pico-sdk/src/rp2_common/pico_standard_binary_info/standard_binary_info.c.o
 .rodata.__bi_42
                0x1000188c        0xc CMakeFiles/blink.dir/home/teclis/pico/pico-sdk/src/rp2_common/pico_standard_binary_info/standard_binary_info.c.o
 .rodata.__bi_34
                0x10001898        0xc CMakeFiles/blink.dir/home/teclis/pico/pico-sdk/src/rp2_common/pico_standard_binary_info/standard_binary_info.c.o
 .rodata.__bi_26
                0x100018a4        0xc CMakeFiles/blink.dir/home/teclis/pico/pico-sdk/src/rp2_common/pico_standard_binary_info/standard_binary_info.c.o
 .rodata.crlf_str.0
                0x100018b0        0x2 CMakeFiles/blink.dir/home/teclis/pico/pico-sdk/src/rp2_common/pico_stdio/stdio.c.o
                0x100018b4                        . = ALIGN (0x4)
 *fill*         0x100018b2        0x2 
 *(SORT_BY_ALIGNMENT(SORT_BY_NAME(.flashdata*)))
                0x100018b4                        . = ALIGN (0x4)

.ARM.extab
 *(.ARM.extab* .gnu.linkonce.armextab.*)
                0x100018b4                        __exidx_start = .

.ARM.exidx
 *(.ARM.exidx* .gnu.linkonce.armexidx.*)
                0x100018b4                        __exidx_end = .
                0x100018b4                        . = ALIGN (0x4)
                0x100018b4                        __binary_info_start = .

.binary_info    0x100018b4       0x1c
 *(.binary_info.keep.*)
 .binary_info.keep.__bi_ptr84
                0x100018b4        0x4 CMakeFiles/blink.dir/home/teclis/pico/pico-sdk/src/rp2_common/pico_standard_binary_info/standard_binary_info.c.o
 .binary_info.keep.__bi_ptr78
                0x100018b8        0x4 CMakeFiles/blink.dir/home/teclis/pico/pico-sdk/src/rp2_common/pico_standard_binary_info/standard_binary_info.c.o
 .binary_info.keep.__bi_ptr54
                0x100018bc        0x4 CMakeFiles/blink.dir/home/teclis/pico/pico-sdk/src/rp2_common/pico_standard_binary_info/standard_binary_info.c.o
 .binary_info.keep.__bi_ptr48
                0x100018c0        0x4 CMakeFiles/blink.dir/home/teclis/pico/pico-sdk/src/rp2_common/pico_standard_binary_info/standard_binary_info.c.o
 .binary_info.keep.__bi_ptr42
                0x100018c4        0x4 CMakeFiles/blink.dir/home/teclis/pico/pico-sdk/src/rp2_common/pico_standard_binary_info/standard_binary_info.c.o
 .binary_info.keep.__bi_ptr34
                0x100018c8        0x4 CMakeFiles/blink.dir/home/teclis/pico/pico-sdk/src/rp2_common/pico_standard_binary_info/standard_binary_info.c.o
 .binary_info.keep.__bi_ptr26
                0x100018cc        0x4 CMakeFiles/blink.dir/home/teclis/pico/pico-sdk/src/rp2_common/pico_standard_binary_info/standard_binary_info.c.o
 *(.binary_info.*)
                0x100018d0                        __binary_info_end = .

.rel.dyn        0x100018d0        0x0
 .rel.iplt      0x100018d0        0x0 /usr/lib/gcc/arm-none-eabi/14.2.0/thumb/v6-m/nofp/crtbegin.o
                0x100018d0                        . = ALIGN (0x4)

.ram_vector_table
                0x20000000       0xc0
 *(.ram_vector_table)
 .ram_vector_table
                0x20000000       0xc0 CMakeFiles/blink.dir/home/teclis/pico/pico-sdk/src/rp2_common/pico_runtime_init/runtime_init.c.o
                0x20000000                ram_vector_table

.uninitialized_data
                0x200000c0        0x0
                0x200000c0                        . = ALIGN (0x4)
 *(.uninitialized_data*)

.data           0x200000c0      0x12c load address 0x100018d0
                0x200000c0                        __data_start__ = .
 *(vtable)
 *(.time_critical*)
 .time_critical.mutex_try_enter_block_until
                0x200000c0       0x98 CMakeFiles/blink.dir/home/teclis/pico/pico-sdk/src/common/pico_sync/mutex.c.o
                0x200000c0                mutex_try_enter_block_until
 .time_critical.mutex_exit
                0x20000158       0x28 CMakeFiles/blink.dir/home/teclis/pico/pico-sdk/src/common/pico_sync/mutex.c.o
                0x20000158                mutex_exit
 *(.text*)
 .text          0x20000180        0x4 /usr/lib/gcc/arm-none-eabi/14.2.0/thumb/v6-m/nofp/libgcc.a(_dvmd_tls.o)
                0x20000180                __aeabi_ldiv0
                0x20000180                __aeabi_idiv0
 *fill*         0x20000184        0x4 
 .text.__stub   0x20000188       0x10 linker stubs
                0x20000198                        . = ALIGN (0x4)
 *(.rodata*)
                0x20000198                        . = ALIGN (0x4)
 *(.data*)
 .data.striped_spin_lock_num
                0x20000198        0x1 CMakeFiles/blink.dir/home/teclis/pico/pico-sdk/src/rp2_common/hardware_sync/sync.c.o
 *fill*         0x20000199        0x3 
 .data.default_alarm_pool
                0x2000019c       0x18 CMakeFiles/blink.dir/home/teclis/pico/pico-sdk/src/common/pico_time/time.c.o
 *fill*         0x200001b4        0xc 
 .data.aeabi_bits_funcs
                0x200001c0       0x10 CMakeFiles/blink.dir/home/teclis/pico/pico-sdk/src/rp2_common/pico_bit_ops/bit_ops_aeabi.S.o
                0x200001c0                aeabi_bits_funcs
                0x200001d0                aeabi_bits_funcs_end
 .data.aeabi_mem_funcs
                0x200001d0       0x10 CMakeFiles/blink.dir/home/teclis/pico/pico-sdk/src/rp2_common/pico_mem_ops/mem_ops_aeabi.S.o
                0x200001d0                aeabi_mem_funcs
                0x200001e0                aeabi_mem_funcs_end
 .data.__atexit_recursive_mutex
                0x200001e0        0x4 /usr/lib/gcc/arm-none-eabi/14.2.0/../../../../arm-none-eabi/lib/thumb/v6-m/nofp/libg.a(libc_a-__call_atexit.o)
                0x200001e0                __atexit_recursive_mutex
                0x200001e4                        . = ALIGN (0x4)
 *(.after_data.*)
                0x200001e4                        . = ALIGN (0x4)
                0x200001e4                        PROVIDE (__mutex_array_start = .)
 *(SORT_BY_NAME(.mutex_array.*))
 *(.mutex_array)
 .mutex_array   0x200001e4        0x8 CMakeFiles/blink.dir/home/teclis/pico/pico-sdk/src/rp2_common/pico_stdio/stdio.c.o
                0x200001ec                        PROVIDE (__mutex_array_end = .)
                0x200001ec                        . = ALIGN (0x4)
 *(.jcr)
                0x200001ec                        . = ALIGN (0x4)

.igot.plt       0x200001ec        0x0 load address 0x100019fc
 .igot.plt      0x200001ec        0x0 /usr/lib/gcc/arm-none-eabi/14.2.0/thumb/v6-m/nofp/crtbegin.o

.tdata          0x200001ec        0x0 load address 0x100019fc
                0x200001ec                        . = ALIGN (0x4)
 *(.tdata .tdata.* .gnu.linkonce.td.*)
                0x200001ec                        __tdata_end = .
                0x200001ec                        PROVIDE (__data_end__ = .)
                0x100018d0                        __etext = LOADADDR (.data)

.tbss           0x200001ec        0x0 load address 0x100019fc
                0x200001ec                        . = ALIGN (0x4)
                0x200001ec                        __bss_start__ = .
                0x200001ec                        __tls_base = .
 *(.tbss .tbss.* .gnu.linkonce.tb.*)
 *(.tcommon)
                0x200001ec                        __tls_end = .

.bss            0x200001f0      0x580 load address 0x100019fc
                0x200001f0                        . = ALIGN (0x4)
                0x200001f0                        __tbss_end = .
 *(SORT_BY_ALIGNMENT(SORT_BY_NAME(.bss*)))
 .bss.default_alarm_pool_entries
                0x200001f0      0x180 CMakeFiles/blink.dir/home/teclis/pico/pico-sdk/src/common/pico_time/time.c.o
 .bss.sd_table  0x20000370      0x100 CMakeFiles/blink.dir/home/teclis/pico/pico-sdk/src/rp2_common/pico_double/double_init_rom_rp2040.c.o
                0x20000370                sd_table
 .bss.sf_table  0x20000470      0x100 CMakeFiles/blink.dir/home/teclis/pico/pico-sdk/src/rp2_common/pico_float/float_init_rom_rp2040.c.o
                0x20000470                sf_table
 .bss.__atexit  0x20000570        0x4 /usr/lib/gcc/arm-none-eabi/14.2.0/../../../../arm-none-eabi/lib/thumb/v6-m/nofp/libg.a(libc_a-__call_atexit.o)
                0x20000570                __atexit
 .bss.__atexit0
                0x20000574      0x190 /usr/lib/gcc/arm-none-eabi/14.2.0/../../../../arm-none-eabi/lib/thumb/v6-m/nofp/libg.a(libc_a-__atexit.o)
                0x20000574                __atexit0
 .bss.__lock___atexit_recursive_mutex
                0x20000704        0x1 /usr/lib/gcc/arm-none-eabi/14.2.0/../../../../arm-none-eabi/lib/thumb/v6-m/nofp/libg.a(libc_a-lock.o)
                0x20000704                __lock___atexit_recursive_mutex
 *fill*         0x20000705        0x3 
 .bss.claimed   0x20000708        0x1 CMakeFiles/blink.dir/home/teclis/pico/pico-sdk/src/rp2_common/hardware_timer/timer.c.o
 *fill*         0x20000709        0x3 
 .bss.configured_freq
                0x2000070c       0x28 CMakeFiles/blink.dir/home/teclis/pico/pico-sdk/src/rp2_common/hardware_clocks/clocks.c.o
 .bss.drivers   0x20000734        0x4 CMakeFiles/blink.dir/home/teclis/pico/pico-sdk/src/rp2_common/pico_stdio/stdio.c.o
 .bss.filter    0x20000738        0x4 CMakeFiles/blink.dir/home/teclis/pico/pico-sdk/src/rp2_common/pico_stdio/stdio.c.o
 .bss.lazy_vsnprintf
                0x2000073c        0x4 CMakeFiles/blink.dir/home/teclis/pico/pico-sdk/src/rp2_common/pico_printf/printf.c.o
 .bss.object.0  0x20000740       0x18 /usr/lib/gcc/arm-none-eabi/14.2.0/thumb/v6-m/nofp/crtbegin.o
 .bss.pools     0x20000758       0x10 CMakeFiles/blink.dir/home/teclis/pico/pico-sdk/src/common/pico_time/time.c.o
 .bss.sf_clz_func
                0x20000768        0x4 CMakeFiles/blink.dir/home/teclis/pico/pico-sdk/src/rp2_common/pico_double/double_init_rom_rp2040.c.o
                0x20000768                sf_clz_func
 .bss.sleep_notifier
                0x2000076c        0x4 CMakeFiles/blink.dir/home/teclis/pico/pico-sdk/src/common/pico_time/time.c.o
 *(COMMON)
                0x20000770                        . = ALIGN (0x4)
                0x20000770                        __bss_end__ = .

.heap           0x20000770      0x800 load address 0x100019fc
                0x20000770                        __end__ = .
                0x20000770                        end = __end__
 *(.heap*)
 .heap          0x20000770      0x800 CMakeFiles/blink.dir/home/teclis/pico/pico-sdk/src/rp2_common/pico_crt0/crt0.S.o
                0x20040000                        __HeapLimit = (ORIGIN (RAM) + LENGTH (RAM))

.scratch_x      0x20040000        0x0 load address 0x100019fc
                0x20040000                        __scratch_x_start__ = .
 *(.scratch_x.*)
                0x20040000                        . = ALIGN (0x4)
                0x20040000                        __scratch_x_end__ = .
                0x100019fc                        __scratch_x_source__ = LOADADDR (.scratch_x)

.scratch_y      0x20041000        0x0 load address 0x100019fc
                0x20041000                        __scratch_y_start__ = .
 *(.scratch_y.*)
                0x20041000                        . = ALIGN (0x4)
                0x20041000                        __scratch_y_end__ = .
                0x100019fc                        __scratch_y_source__ = LOADADDR (.scratch_y)

.stack1_dummy
 *(.stack1*)

.stack_dummy    0x20041000      0x800
 *(.stack*)
 .stack         0x20041000      0x800 CMakeFiles/blink.dir/home/teclis/pico/pico-sdk/src/rp2_common/pico_crt0/crt0.S.o

.flash_end      0x100019fc        0x0
 *(.embedded_end_block*)
                0x100019fc                        PROVIDE (__flash_binary_end = .)
                0x20040000                        __StackLimit = (ORIGIN (RAM) + LENGTH (RAM))
                0x20041000                        __StackOneTop = (ORIGIN (SCRATCH_X) + LENGTH (SCRATCH_X))
                0x20042000                        __StackTop = (ORIGIN (SCRATCH_Y) + LENGTH (SCRATCH_Y))
                0x20041000                        __StackOneBottom = (__StackOneTop - SIZEOF (.stack1_dummy))
                0x20041800                        __StackBottom = (__StackTop - SIZEOF (.stack_dummy))
                0x20042000                        PROVIDE (__stack = __StackTop)
                [!provide]                        PROVIDE (__heap_start = __end__)
                [!provide]                        PROVIDE (__heap_end = __HeapLimit)
                [!provide]                        PROVIDE (__tls_align = MAX (ALIGNOF (.tdata), ALIGNOF (.tbss)))
                [!provide]                        PROVIDE (__tls_size_align = (((__tls_size + __tls_align) - 0x1) & ~ ((__tls_align - 0x1))))
                [!provide]                        PROVIDE (__arm32_tls_tcb_offset = MAX (0x8, __tls_align))
                [!provide]                        PROVIDE (_end = __end__)
                [!provide]                        PROVIDE (__llvm_libc_heap_limit = __HeapLimit)
                0x00000001                        ASSERT ((__StackLimit >= __HeapLimit), region RAM overflowed)
                0x00000001                        ASSERT (((__binary_info_header_end - __logical_binary_start) <= 0x100), Binary info must be in first 256 bytes of the binary)
LOAD CMakeFiles/blink.dir/blink.c.o
LOAD CMakeFiles/blink.dir/home/teclis/pico/pico-sdk/src/rp2_common/pico_stdlib/stdlib.c.o
LOAD CMakeFiles/blink.dir/home/teclis/pico/pico-sdk/src/rp2_common/hardware_gpio/gpio.c.o
LOAD CMakeFiles/blink.dir/home/teclis/pico/pico-sdk/src/rp2040/pico_platform/platform.c.o
LOAD CMakeFiles/blink.dir/home/teclis/pico/pico-sdk/src/rp2_common/pico_platform_panic/panic.c.o
LOAD CMakeFiles/blink.dir/home/teclis/pico/pico-sdk/src/common/hardware_claim/claim.c.o
LOAD CMakeFiles/blink.dir/home/teclis/pico/pico-sdk/src/rp2_common/hardware_sync/sync.c.o
LOAD CMakeFiles/blink.dir/home/teclis/pico/pico-sdk/src/rp2_common/hardware_sync_spin_lock/sync_spin_lock.c.o
LOAD CMakeFiles/blink.dir/home/teclis/pico/pico-sdk/src/rp2_common/hardware_irq/irq.c.o
LOAD CMakeFiles/blink.dir/home/teclis/pico/pico-sdk/src/rp2_common/hardware_irq/irq_handler_chain.S.o
LOAD CMakeFiles/blink.dir/home/teclis/pico/pico-sdk/src/common/pico_sync/sem.c.o
LOAD CMakeFiles/blink.dir/home/teclis/pico/pico-sdk/src/common/pico_sync/lock_core.c.o
LOAD CMakeFiles/blink.dir/home/teclis/pico/pico-sdk/src/common/pico_sync/mutex.c.o
LOAD CMakeFiles/blink.dir/home/teclis/pico/pico-sdk/src/common/pico_sync/critical_section.c.o
LOAD CMakeFiles/blink.dir/home/teclis/pico/pico-sdk/src/common/pico_time/time.c.o
LOAD CMakeFiles/blink.dir/home/teclis/pico/pico-sdk/src/common/pico_time/timeout_helper.c.o
LOAD CMakeFiles/blink.dir/home/teclis/pico/pico-sdk/src/rp2_common/hardware_timer/timer.c.o
LOAD CMakeFiles/blink.dir/home/teclis/pico/pico-sdk/src/common/pico_util/datetime.c.o
LOAD CMakeFiles/blink.dir/home/teclis/pico/pico-sdk/src/common/pico_util/pheap.c.o
LOAD CMakeFiles/blink.dir/home/teclis/pico/pico-sdk/src/common/pico_util/queue.c.o
LOAD CMakeFiles/blink.dir/home/teclis/pico/pico-sdk/src/rp2_common/hardware_uart/uart.c.o
LOAD CMakeFiles/blink.dir/home/teclis/pico/pico-sdk/src/rp2_common/hardware_clocks/clocks.c.o
LOAD CMakeFiles/blink.dir/home/teclis/pico/pico-sdk/src/rp2_common/hardware_pll/pll.c.o
LOAD CMakeFiles/blink.dir/home/teclis/pico/pico-sdk/src/rp2_common/hardware_vreg/vreg.c.o
LOAD CMakeFiles/blink.dir/home/teclis/pico/pico-sdk/src/rp2_common/hardware_watchdog/watchdog.c.o
LOAD CMakeFiles/blink.dir/home/teclis/pico/pico-sdk/src/rp2_common/hardware_ticks/ticks.c.o
LOAD CMakeFiles/blink.dir/home/teclis/pico/pico-sdk/src/rp2_common/pico_bootrom/bootrom.c.o
LOAD CMakeFiles/blink.dir/home/teclis/pico/pico-sdk/src/rp2_common/pico_bootrom/bootrom_lock.c.o
LOAD CMakeFiles/blink.dir/home/teclis/pico/pico-sdk/src/rp2_common/hardware_boot_lock/boot_lock.c.o
LOAD CMakeFiles/blink.dir/home/teclis/pico/pico-sdk/src/rp2_common/pico_flash/flash.c.o
LOAD CMakeFiles/blink.dir/home/teclis/pico/pico-sdk/src/rp2_common/hardware_xosc/xosc.c.o
LOAD CMakeFiles/blink.dir/home/teclis/pico/pico-sdk/src/rp2_common/hardware_divider/divider.S.o
LOAD CMakeFiles/blink.dir/home/teclis/pico/pico-sdk/src/rp2_common/pico_runtime/runtime.c.o
LOAD CMakeFiles/blink.dir/home/teclis/pico/pico-sdk/src/rp2_common/pico_runtime_init/runtime_init.c.o
LOAD CMakeFiles/blink.dir/home/teclis/pico/pico-sdk/src/rp2_common/pico_runtime_init/runtime_init_clocks.c.o
LOAD CMakeFiles/blink.dir/home/teclis/pico/pico-sdk/src/rp2_common/pico_runtime_init/runtime_init_stack_guard.c.o
LOAD CMakeFiles/blink.dir/home/teclis/pico/pico-sdk/src/rp2_common/pico_bit_ops/bit_ops_aeabi.S.o
LOAD CMakeFiles/blink.dir/home/teclis/pico/pico-sdk/src/rp2_common/pico_divider/divider_hardware.S.o
LOAD CMakeFiles/blink.dir/home/teclis/pico/pico-sdk/src/rp2_common/pico_double/double_aeabi_rp2040.S.o
LOAD CMakeFiles/blink.dir/home/teclis/pico/pico-sdk/src/rp2_common/pico_double/double_init_rom_rp2040.c.o
LOAD CMakeFiles/blink.dir/home/teclis/pico/pico-sdk/src/rp2_common/pico_double/double_math.c.o
LOAD CMakeFiles/blink.dir/home/teclis/pico/pico-sdk/src/rp2_common/pico_double/double_v1_rom_shim_rp2040.S.o
LOAD CMakeFiles/blink.dir/home/teclis/pico/pico-sdk/src/rp2_common/pico_int64_ops/pico_int64_ops_aeabi.S.o
LOAD CMakeFiles/blink.dir/home/teclis/pico/pico-sdk/src/rp2_common/pico_float/float_aeabi_rp2040.S.o
LOAD CMakeFiles/blink.dir/home/teclis/pico/pico-sdk/src/rp2_common/pico_float/float_init_rom_rp2040.c.o
LOAD CMakeFiles/blink.dir/home/teclis/pico/pico-sdk/src/rp2_common/pico_float/float_math.c.o
LOAD CMakeFiles/blink.dir/home/teclis/pico/pico-sdk/src/rp2_common/pico_float/float_v1_rom_shim_rp2040.S.o
LOAD CMakeFiles/blink.dir/home/teclis/pico/pico-sdk/src/rp2_common/pico_malloc/malloc.c.o
LOAD CMakeFiles/blink.dir/home/teclis/pico/pico-sdk/src/rp2_common/pico_mem_ops/mem_ops_aeabi.S.o
LOAD CMakeFiles/blink.dir/home/teclis/pico/pico-sdk/src/rp2_common/pico_atomic/atomic.c.o
LOAD CMakeFiles/blink.dir/home/teclis/pico/pico-sdk/src/rp2_common/pico_cxx_options/new_delete.cpp.o
LOAD CMakeFiles/blink.dir/home/teclis/pico/pico-sdk/src/rp2_common/pico_standard_binary_info/standard_binary_info.c.o
LOAD CMakeFiles/blink.dir/home/teclis/pico/pico-sdk/src/rp2_common/pico_printf/printf.c.o
LOAD CMakeFiles/blink.dir/home/teclis/pico/pico-sdk/src/rp2_common/pico_crt0/crt0.S.o
LOAD CMakeFiles/blink.dir/home/teclis/pico/pico-sdk/src/rp2_common/pico_clib_interface/newlib_interface.c.o
LOAD CMakeFiles/blink.dir/home/teclis/pico/pico-sdk/src/rp2_common/pico_stdio/stdio.c.o
LOAD CMakeFiles/blink.dir/home/teclis/pico/pico-sdk/src/rp2_common/pico_stdio_uart/stdio_uart.c.o
LOAD pico-sdk/src/rp2040/boot_stage2/CMakeFiles/bs2_default_library.dir/bs2_default_padded_checksummed.S.o
LOAD /usr/lib/gcc/arm-none-eabi/14.2.0/../../../../arm-none-eabi/lib/thumb/v6-m/nofp/libstdc++.a
LOAD /usr/lib/gcc/arm-none-eabi/14.2.0/../../../../arm-none-eabi/lib/thumb/v6-m/nofp/libm.a
START GROUP
LOAD /usr/lib/gcc/arm-none-eabi/14.2.0/thumb/v6-m/nofp/libgcc.a
LOAD /usr/lib/gcc/arm-none-eabi/14.2.0/../../../../arm-none-eabi/lib/thumb/v6-m/nofp/libg.a
LOAD /usr/lib/gcc/arm-none-eabi/14.2.0/../../../../arm-none-eabi/lib/thumb/v6-m/nofp/libc.a
END GROUP
START GROUP
LOAD /usr/lib/gcc/arm-none-eabi/14.2.0/thumb/v6-m/nofp/libgcc.a
LOAD /usr/lib/gcc/arm-none-eabi/14.2.0/../../../../arm-none-eabi/lib/thumb/v6-m/nofp/libc.a
LOAD /usr/lib/gcc/arm-none-eabi/14.2.0/../../../../arm-none-eabi/lib/thumb/v6-m/nofp/libnosys.a
END GROUP
LOAD /usr/lib/gcc/arm-none-eabi/14.2.0/thumb/v6-m/nofp/crtend.o
LOAD /usr/lib/gcc/arm-none-eabi/14.2.0/thumb/v6-m/nofp/crtn.o
OUTPUT(blink.elf elf32-littlearm)
LOAD linker stubs

.ARM.attributes
                0x00000000       0x28
 .ARM.attributes
                0x00000000       0x1e /usr/lib/gcc/arm-none-eabi/14.2.0/thumb/v6-m/nofp/crti.o
 .ARM.attributes
                0x0000001e       0x2c /usr/lib/gcc/arm-none-eabi/14.2.0/thumb/v6-m/nofp/crtbegin.o
 .ARM.attributes
                0x0000004a       0x2c CMakeFiles/blink.dir/blink.c.o
 .ARM.attributes
                0x00000076       0x2c CMakeFiles/blink.dir/home/teclis/pico/pico-sdk/src/rp2_common/hardware_gpio/gpio.c.o
 .ARM.attributes
                0x000000a2       0x2c CMakeFiles/blink.dir/home/teclis/pico/pico-sdk/src/rp2_common/pico_platform_panic/panic.c.o
 .ARM.attributes
                0x000000ce       0x2c CMakeFiles/blink.dir/home/teclis/pico/pico-sdk/src/common/hardware_claim/claim.c.o
 .ARM.attributes
                0x000000fa       0x2c CMakeFiles/blink.dir/home/teclis/pico/pico-sdk/src/rp2_common/hardware_sync/sync.c.o
 .ARM.attributes
                0x00000126       0x2c CMakeFiles/blink.dir/home/teclis/pico/pico-sdk/src/rp2_common/hardware_sync_spin_lock/sync_spin_lock.c.o
 .ARM.attributes
                0x00000152       0x2c CMakeFiles/blink.dir/home/teclis/pico/pico-sdk/src/rp2_common/hardware_irq/irq.c.o
 .ARM.attributes
                0x0000017e       0x2c CMakeFiles/blink.dir/home/teclis/pico/pico-sdk/src/common/pico_sync/lock_core.c.o
 .ARM.attributes
                0x000001aa       0x2c CMakeFiles/blink.dir/home/teclis/pico/pico-sdk/src/common/pico_sync/mutex.c.o
 .ARM.attributes
                0x000001d6       0x2c CMakeFiles/blink.dir/home/teclis/pico/pico-sdk/src/common/pico_time/time.c.o
 .ARM.attributes
                0x00000202       0x2c CMakeFiles/blink.dir/home/teclis/pico/pico-sdk/src/rp2_common/hardware_timer/timer.c.o
 .ARM.attributes
                0x0000022e       0x2c CMakeFiles/blink.dir/home/teclis/pico/pico-sdk/src/rp2_common/hardware_clocks/clocks.c.o
 .ARM.attributes
                0x0000025a       0x2c CMakeFiles/blink.dir/home/teclis/pico/pico-sdk/src/rp2_common/hardware_pll/pll.c.o
 .ARM.attributes
                0x00000286       0x2c CMakeFiles/blink.dir/home/teclis/pico/pico-sdk/src/rp2_common/hardware_ticks/ticks.c.o
 .ARM.attributes
                0x000002b2       0x2c CMakeFiles/blink.dir/home/teclis/pico/pico-sdk/src/rp2_common/pico_bootrom/bootrom.c.o
 .ARM.attributes
                0x000002de       0x2c CMakeFiles/blink.dir/home/teclis/pico/pico-sdk/src/rp2_common/hardware_xosc/xosc.c.o
 .ARM.attributes
                0x0000030a       0x2c CMakeFiles/blink.dir/home/teclis/pico/pico-sdk/src/rp2_common/pico_runtime/runtime.c.o
 .ARM.attributes
                0x00000336       0x2c CMakeFiles/blink.dir/home/teclis/pico/pico-sdk/src/rp2_common/pico_runtime_init/runtime_init.c.o
 .ARM.attributes
                0x00000362       0x2c CMakeFiles/blink.dir/home/teclis/pico/pico-sdk/src/rp2_common/pico_runtime_init/runtime_init_clocks.c.o
 .ARM.attributes
                0x0000038e       0x22 CMakeFiles/blink.dir/home/teclis/pico/pico-sdk/src/rp2_common/pico_bit_ops/bit_ops_aeabi.S.o
 .ARM.attributes
                0x000003b0       0x22 CMakeFiles/blink.dir/home/teclis/pico/pico-sdk/src/rp2_common/pico_divider/divider_hardware.S.o
 .ARM.attributes
                0x000003d2       0x22 CMakeFiles/blink.dir/home/teclis/pico/pico-sdk/src/rp2_common/pico_double/double_aeabi_rp2040.S.o
 .ARM.attributes
                0x000003f4       0x2c CMakeFiles/blink.dir/home/teclis/pico/pico-sdk/src/rp2_common/pico_double/double_init_rom_rp2040.c.o
 .ARM.attributes
                0x00000420       0x22 CMakeFiles/blink.dir/home/teclis/pico/pico-sdk/src/rp2_common/pico_double/double_v1_rom_shim_rp2040.S.o
 .ARM.attributes
                0x00000442       0x22 CMakeFiles/blink.dir/home/teclis/pico/pico-sdk/src/rp2_common/pico_int64_ops/pico_int64_ops_aeabi.S.o
 .ARM.attributes
                0x00000464       0x22 CMakeFiles/blink.dir/home/teclis/pico/pico-sdk/src/rp2_common/pico_float/float_aeabi_rp2040.S.o
 .ARM.attributes
                0x00000486       0x2c CMakeFiles/blink.dir/home/teclis/pico/pico-sdk/src/rp2_common/pico_float/float_init_rom_rp2040.c.o
 .ARM.attributes
                0x000004b2       0x22 CMakeFiles/blink.dir/home/teclis/pico/pico-sdk/src/rp2_common/pico_float/float_v1_rom_shim_rp2040.S.o
 .ARM.attributes
                0x000004d4       0x22 CMakeFiles/blink.dir/home/teclis/pico/pico-sdk/src/rp2_common/pico_mem_ops/mem_ops_aeabi.S.o
 .ARM.attributes
                0x000004f6       0x2c CMakeFiles/blink.dir/home/teclis/pico/pico-sdk/src/rp2_common/pico_standard_binary_info/standard_binary_info.c.o
 .ARM.attributes
                0x00000522       0x2c CMakeFiles/blink.dir/home/teclis/pico/pico-sdk/src/rp2_common/pico_printf/printf.c.o
 .ARM.attributes
                0x0000054e       0x22 CMakeFiles/blink.dir/home/teclis/pico/pico-sdk/src/rp2_common/pico_crt0/crt0.S.o
 .ARM.attributes
                0x00000570       0x2c CMakeFiles/blink.dir/home/teclis/pico/pico-sdk/src/rp2_common/pico_clib_interface/newlib_interface.c.o
 .ARM.attributes
                0x0000059c       0x2c CMakeFiles/blink.dir/home/teclis/pico/pico-sdk/src/rp2_common/pico_stdio/stdio.c.o
 .ARM.attributes
                0x000005c8       0x22 pico-sdk/src/rp2040/boot_stage2/CMakeFiles/bs2_default_library.dir/bs2_default_padded_checksummed.S.o
 .ARM.attributes
                0x000005ea       0x1e /usr/lib/gcc/arm-none-eabi/14.2.0/thumb/v6-m/nofp/libgcc.a(_dvmd_tls.o)
 .ARM.attributes
                0x00000608       0x2c /usr/lib/gcc/arm-none-eabi/14.2.0/../../../../arm-none-eabi/lib/thumb/v6-m/nofp/libg.a(libc_a-atexit.o)
 .ARM.attributes
                0x00000634       0x2c /usr/lib/gcc/arm-none-eabi/14.2.0/../../../../arm-none-eabi/lib/thumb/v6-m/nofp/libg.a(libc_a-fini.o)
 .ARM.attributes
                0x00000660       0x2c /usr/lib/gcc/arm-none-eabi/14.2.0/../../../../arm-none-eabi/lib/thumb/v6-m/nofp/libg.a(libc_a-lock.o)
 .ARM.attributes
                0x0000068c       0x2c /usr/lib/gcc/arm-none-eabi/14.2.0/../../../../arm-none-eabi/lib/thumb/v6-m/nofp/libg.a(libc_a-strlen-stub.o)
 .ARM.attributes
                0x000006b8       0x2c /usr/lib/gcc/arm-none-eabi/14.2.0/../../../../arm-none-eabi/lib/thumb/v6-m/nofp/libg.a(libc_a-__atexit.o)
 .ARM.attributes
                0x000006e4       0x2c /usr/lib/gcc/arm-none-eabi/14.2.0/../../../../arm-none-eabi/lib/thumb/v6-m/nofp/libg.a(libc_a-__call_atexit.o)

.comment        0x00000000       0x1e
 .comment       0x00000000       0x1e CMakeFiles/blink.dir/blink.c.o
                                 0x1f (size before relaxing)
 .comment       0x0000001e       0x1f CMakeFiles/blink.dir/home/teclis/pico/pico-sdk/src/rp2_common/hardware_gpio/gpio.c.o
 .comment       0x0000001e       0x1f CMakeFiles/blink.dir/home/teclis/pico/pico-sdk/src/rp2_common/pico_platform_panic/panic.c.o
 .comment       0x0000001e       0x1f CMakeFiles/blink.dir/home/teclis/pico/pico-sdk/src/common/hardware_claim/claim.c.o
 .comment       0x0000001e       0x1f CMakeFiles/blink.dir/home/teclis/pico/pico-sdk/src/rp2_common/hardware_sync/sync.c.o
 .comment       0x0000001e       0x1f CMakeFiles/blink.dir/home/teclis/pico/pico-sdk/src/rp2_common/hardware_sync_spin_lock/sync_spin_lock.c.o
 .comment       0x0000001e       0x1f CMakeFiles/blink.dir/home/teclis/pico/pico-sdk/src/rp2_common/hardware_irq/irq.c.o
 .comment       0x0000001e       0x1f CMakeFiles/blink.dir/home/teclis/pico/pico-sdk/src/common/pico_sync/lock_core.c.o
 .comment       0x0000001e       0x1f CMakeFiles/blink.dir/home/teclis/pico/pico-sdk/src/common/pico_sync/mutex.c.o
 .comment       0x0000001e       0x1f CMakeFiles/blink.dir/home/teclis/pico/pico-sdk/src/common/pico_time/time.c.o
 .comment       0x0000001e       0x1f CMakeFiles/blink.dir/home/teclis/pico/pico-sdk/src/rp2_common/hardware_timer/timer.c.o
 .comment       0x0000001e       0x1f CMakeFiles/blink.dir/home/teclis/pico/pico-sdk/src/rp2_common/hardware_clocks/clocks.c.o
 .comment       0x0000001e       0x1f CMakeFiles/blink.dir/home/teclis/pico/pico-sdk/src/rp2_common/hardware_pll/pll.c.o
 .comment       0x0000001e       0x1f CMakeFiles/blink.dir/home/teclis/pico/pico-sdk/src/rp2_common/hardware_ticks/ticks.c.o
 .comment       0x0000001e       0x1f CMakeFiles/blink.dir/home/teclis/pico/pico-sdk/src/rp2_common/pico_bootrom/bootrom.c.o
 .comment       0x0000001e       0x1f CMakeFiles/blink.dir/home/teclis/pico/pico-sdk/src/rp2_common/hardware_xosc/xosc.c.o
 .comment       0x0000001e       0x1f CMakeFiles/blink.dir/home/teclis/pico/pico-sdk/src/rp2_common/pico_runtime/runtime.c.o
 .comment       0x0000001e       0x1f CMakeFiles/blink.dir/home/teclis/pico/pico-sdk/src/rp2_common/pico_runtime_init/runtime_init.c.o
 .comment       0x0000001e       0x1f CMakeFiles/blink.dir/home/teclis/pico/pico-sdk/src/rp2_common/pico_runtime_init/runtime_init_clocks.c.o
 .comment       0x0000001e       0x1f CMakeFiles/blink.dir/home/teclis/pico/pico-sdk/src/rp2_common/pico_double/double_init_rom_rp2040.c.o
 .comment       0x0000001e       0x1f CMakeFiles/blink.dir/home/teclis/pico/pico-sdk/src/rp2_common/pico_float/float_init_rom_rp2040.c.o
 .comment       0x0000001e       0x1f CMakeFiles/blink.dir/home/teclis/pico/pico-sdk/src/rp2_common/pico_standard_binary_info/standard_binary_info.c.o
 .comment       0x0000001e       0x1f CMakeFiles/blink.dir/home/teclis/pico/pico-sdk/src/rp2_common/pico_printf/printf.c.o
 .comment       0x0000001e       0x1f CMakeFiles/blink.dir/home/teclis/pico/pico-sdk/src/rp2_common/pico_clib_interface/newlib_interface.c.o
 .comment       0x0000001e       0x1f CMakeFiles/blink.dir/home/teclis/pico/pico-sdk/src/rp2_common/pico_stdio/stdio.c.o
 .comment       0x0000001e       0x1f /usr/lib/gcc/arm-none-eabi/14.2.0/../../../../arm-none-eabi/lib/thumb/v6-m/nofp/libg.a(libc_a-atexit.o)
 .comment       0x0000001e       0x1f /usr/lib/gcc/arm-none-eabi/14.2.0/../../../../arm-none-eabi/lib/thumb/v6-m/nofp/libg.a(libc_a-fini.o)
 .comment       0x0000001e       0x1f /usr/lib/gcc/arm-none-eabi/14.2.0/../../../../arm-none-eabi/lib/thumb/v6-m/nofp/libg.a(libc_a-lock.o)
 .comment       0x0000001e       0x1f /usr/lib/gcc/arm-none-eabi/14.2.0/../../../../arm-none-eabi/lib/thumb/v6-m/nofp/libg.a(libc_a-strlen-stub.o)
 .comment       0x0000001e       0x1f /usr/lib/gcc/arm-none-eabi/14.2.0/../../../../arm-none-eabi/lib/thumb/v6-m/nofp/libg.a(libc_a-__atexit.o)
 .comment       0x0000001e       0x1f /usr/lib/gcc/arm-none-eabi/14.2.0/../../../../arm-none-eabi/lib/thumb/v6-m/nofp/libg.a(libc_a-__call_atexit.o)

.debug_info     0x00000000    0x1ada0
 .debug_info    0x00000000      0x871 CMakeFiles/blink.dir/blink.c.o
 .debug_info    0x00000871     0x242f CMakeFiles/blink.dir/home/teclis/pico/pico-sdk/src/rp2_common/hardware_gpio/gpio.c.o
 .debug_info    0x00002ca0      0x1bf CMakeFiles/blink.dir/home/teclis/pico/pico-sdk/src/rp2_common/pico_platform_panic/panic.c.o
 .debug_info    0x00002e5f      0x999 CMakeFiles/blink.dir/home/teclis/pico/pico-sdk/src/common/hardware_claim/claim.c.o
 .debug_info    0x000037f8      0x45c CMakeFiles/blink.dir/home/teclis/pico/pico-sdk/src/rp2_common/hardware_sync/sync.c.o
 .debug_info    0x00003c54      0x245 CMakeFiles/blink.dir/home/teclis/pico/pico-sdk/src/rp2_common/hardware_sync_spin_lock/sync_spin_lock.c.o
 .debug_info    0x00003e99     0x21aa CMakeFiles/blink.dir/home/teclis/pico/pico-sdk/src/rp2_common/hardware_irq/irq.c.o
 .debug_info    0x00006043      0x15f CMakeFiles/blink.dir/home/teclis/pico/pico-sdk/src/common/pico_sync/lock_core.c.o
 .debug_info    0x000061a2     0x27e7 CMakeFiles/blink.dir/home/teclis/pico/pico-sdk/src/common/pico_sync/mutex.c.o
 .debug_info    0x00008989     0x500c CMakeFiles/blink.dir/home/teclis/pico/pico-sdk/src/common/pico_time/time.c.o
 .debug_info    0x0000d995     0x2b11 CMakeFiles/blink.dir/home/teclis/pico/pico-sdk/src/rp2_common/hardware_timer/timer.c.o
 .debug_info    0x000104a6     0x296c CMakeFiles/blink.dir/home/teclis/pico/pico-sdk/src/rp2_common/hardware_clocks/clocks.c.o
 .debug_info    0x00012e12      0x4e5 CMakeFiles/blink.dir/home/teclis/pico/pico-sdk/src/rp2_common/hardware_pll/pll.c.o
 .debug_info    0x000132f7      0x248 CMakeFiles/blink.dir/home/teclis/pico/pico-sdk/src/rp2_common/hardware_ticks/ticks.c.o
 .debug_info    0x0001353f      0x633 CMakeFiles/blink.dir/home/teclis/pico/pico-sdk/src/rp2_common/pico_bootrom/bootrom.c.o
 .debug_info    0x00013b72      0x1cc CMakeFiles/blink.dir/home/teclis/pico/pico-sdk/src/rp2_common/hardware_xosc/xosc.c.o
 .debug_info    0x00013d3e      0x21a CMakeFiles/blink.dir/home/teclis/pico/pico-sdk/src/rp2_common/pico_runtime/runtime.c.o
 .debug_info    0x00013f58      0x795 CMakeFiles/blink.dir/home/teclis/pico/pico-sdk/src/rp2_common/pico_runtime_init/runtime_init.c.o
 .debug_info    0x000146ed      0x781 CMakeFiles/blink.dir/home/teclis/pico/pico-sdk/src/rp2_common/pico_runtime_init/runtime_init_clocks.c.o
 .debug_info    0x00014e6e       0x23 CMakeFiles/blink.dir/home/teclis/pico/pico-sdk/src/rp2_common/pico_bit_ops/bit_ops_aeabi.S.o
 .debug_info    0x00014e91       0x23 CMakeFiles/blink.dir/home/teclis/pico/pico-sdk/src/rp2_common/pico_divider/divider_hardware.S.o
 .debug_info    0x00014eb4       0x23 CMakeFiles/blink.dir/home/teclis/pico/pico-sdk/src/rp2_common/pico_double/double_aeabi_rp2040.S.o
 .debug_info    0x00014ed7      0x27e CMakeFiles/blink.dir/home/teclis/pico/pico-sdk/src/rp2_common/pico_double/double_init_rom_rp2040.c.o
 .debug_info    0x00015155       0x23 CMakeFiles/blink.dir/home/teclis/pico/pico-sdk/src/rp2_common/pico_double/double_v1_rom_shim_rp2040.S.o
 .debug_info    0x00015178       0x24 CMakeFiles/blink.dir/home/teclis/pico/pico-sdk/src/rp2_common/pico_int64_ops/pico_int64_ops_aeabi.S.o
 .debug_info    0x0001519c       0x23 CMakeFiles/blink.dir/home/teclis/pico/pico-sdk/src/rp2_common/pico_float/float_aeabi_rp2040.S.o
 .debug_info    0x000151bf      0x27e CMakeFiles/blink.dir/home/teclis/pico/pico-sdk/src/rp2_common/pico_float/float_init_rom_rp2040.c.o
 .debug_info    0x0001543d       0x23 CMakeFiles/blink.dir/home/teclis/pico/pico-sdk/src/rp2_common/pico_float/float_v1_rom_shim_rp2040.S.o
 .debug_info    0x00015460       0x23 CMakeFiles/blink.dir/home/teclis/pico/pico-sdk/src/rp2_common/pico_mem_ops/mem_ops_aeabi.S.o
 .debug_info    0x00015483      0x2b8 CMakeFiles/blink.dir/home/teclis/pico/pico-sdk/src/rp2_common/pico_standard_binary_info/standard_binary_info.c.o
 .debug_info    0x0001573b     0x22f2 CMakeFiles/blink.dir/home/teclis/pico/pico-sdk/src/rp2_common/pico_printf/printf.c.o
 .debug_info    0x00017a2d       0x23 CMakeFiles/blink.dir/home/teclis/pico/pico-sdk/src/rp2_common/pico_crt0/crt0.S.o
 .debug_info    0x00017a50      0xb54 CMakeFiles/blink.dir/home/teclis/pico/pico-sdk/src/rp2_common/pico_clib_interface/newlib_interface.c.o
 .debug_info    0x000185a4     0x1d6c CMakeFiles/blink.dir/home/teclis/pico/pico-sdk/src/rp2_common/pico_stdio/stdio.c.o
 .debug_info    0x0001a310       0x3c /usr/lib/gcc/arm-none-eabi/14.2.0/thumb/v6-m/nofp/libgcc.a(_dvmd_tls.o)
 .debug_info    0x0001a34c      0x11e /usr/lib/gcc/arm-none-eabi/14.2.0/../../../../arm-none-eabi/lib/thumb/v6-m/nofp/libg.a(libc_a-atexit.o)
 .debug_info    0x0001a46a       0xf7 /usr/lib/gcc/arm-none-eabi/14.2.0/../../../../arm-none-eabi/lib/thumb/v6-m/nofp/libg.a(libc_a-fini.o)
 .debug_info    0x0001a561      0x218 /usr/lib/gcc/arm-none-eabi/14.2.0/../../../../arm-none-eabi/lib/thumb/v6-m/nofp/libg.a(libc_a-lock.o)
 .debug_info    0x0001a779       0xeb /usr/lib/gcc/arm-none-eabi/14.2.0/../../../../arm-none-eabi/lib/thumb/v6-m/nofp/libg.a(libc_a-strlen-stub.o)
 .debug_info    0x0001a864      0x25f /usr/lib/gcc/arm-none-eabi/14.2.0/../../../../arm-none-eabi/lib/thumb/v6-m/nofp/libg.a(libc_a-__atexit.o)
 .debug_info    0x0001aac3      0x2dd /usr/lib/gcc/arm-none-eabi/14.2.0/../../../../arm-none-eabi/lib/thumb/v6-m/nofp/libg.a(libc_a-__call_atexit.o)

.debug_abbrev   0x00000000     0x5182
 .debug_abbrev  0x00000000      0x2b3 CMakeFiles/blink.dir/blink.c.o
 .debug_abbrev  0x000002b3      0x50e CMakeFiles/blink.dir/home/teclis/pico/pico-sdk/src/rp2_common/hardware_gpio/gpio.c.o
 .debug_abbrev  0x000007c1      0x12b CMakeFiles/blink.dir/home/teclis/pico/pico-sdk/src/rp2_common/pico_platform_panic/panic.c.o
 .debug_abbrev  0x000008ec      0x33d CMakeFiles/blink.dir/home/teclis/pico/pico-sdk/src/common/hardware_claim/claim.c.o
 .debug_abbrev  0x00000c29      0x20f CMakeFiles/blink.dir/home/teclis/pico/pico-sdk/src/rp2_common/hardware_sync/sync.c.o
 .debug_abbrev  0x00000e38      0x1bb CMakeFiles/blink.dir/home/teclis/pico/pico-sdk/src/rp2_common/hardware_sync_spin_lock/sync_spin_lock.c.o
 .debug_abbrev  0x00000ff3      0x613 CMakeFiles/blink.dir/home/teclis/pico/pico-sdk/src/rp2_common/hardware_irq/irq.c.o
 .debug_abbrev  0x00001606       0xee CMakeFiles/blink.dir/home/teclis/pico/pico-sdk/src/common/pico_sync/lock_core.c.o
 .debug_abbrev  0x000016f4      0x48f CMakeFiles/blink.dir/home/teclis/pico/pico-sdk/src/common/pico_sync/mutex.c.o
 .debug_abbrev  0x00001b83      0x659 CMakeFiles/blink.dir/home/teclis/pico/pico-sdk/src/common/pico_time/time.c.o
 .debug_abbrev  0x000021dc      0x4f2 CMakeFiles/blink.dir/home/teclis/pico/pico-sdk/src/rp2_common/hardware_timer/timer.c.o
 .debug_abbrev  0x000026ce      0x4fd CMakeFiles/blink.dir/home/teclis/pico/pico-sdk/src/rp2_common/hardware_clocks/clocks.c.o
 .debug_abbrev  0x00002bcb      0x1d2 CMakeFiles/blink.dir/home/teclis/pico/pico-sdk/src/rp2_common/hardware_pll/pll.c.o
 .debug_abbrev  0x00002d9d      0x145 CMakeFiles/blink.dir/home/teclis/pico/pico-sdk/src/rp2_common/hardware_ticks/ticks.c.o
 .debug_abbrev  0x00002ee2      0x1d7 CMakeFiles/blink.dir/home/teclis/pico/pico-sdk/src/rp2_common/pico_bootrom/bootrom.c.o
 .debug_abbrev  0x000030b9      0x11b CMakeFiles/blink.dir/home/teclis/pico/pico-sdk/src/rp2_common/hardware_xosc/xosc.c.o
 .debug_abbrev  0x000031d4      0x182 CMakeFiles/blink.dir/home/teclis/pico/pico-sdk/src/rp2_common/pico_runtime/runtime.c.o
 .debug_abbrev  0x00003356      0x222 CMakeFiles/blink.dir/home/teclis/pico/pico-sdk/src/rp2_common/pico_runtime_init/runtime_init.c.o
 .debug_abbrev  0x00003578      0x2af CMakeFiles/blink.dir/home/teclis/pico/pico-sdk/src/rp2_common/pico_runtime_init/runtime_init_clocks.c.o
 .debug_abbrev  0x00003827       0x12 CMakeFiles/blink.dir/home/teclis/pico/pico-sdk/src/rp2_common/pico_bit_ops/bit_ops_aeabi.S.o
 .debug_abbrev  0x00003839       0x12 CMakeFiles/blink.dir/home/teclis/pico/pico-sdk/src/rp2_common/pico_divider/divider_hardware.S.o
 .debug_abbrev  0x0000384b       0x12 CMakeFiles/blink.dir/home/teclis/pico/pico-sdk/src/rp2_common/pico_double/double_aeabi_rp2040.S.o
 .debug_abbrev  0x0000385d      0x17a CMakeFiles/blink.dir/home/teclis/pico/pico-sdk/src/rp2_common/pico_double/double_init_rom_rp2040.c.o
 .debug_abbrev  0x000039d7       0x12 CMakeFiles/blink.dir/home/teclis/pico/pico-sdk/src/rp2_common/pico_double/double_v1_rom_shim_rp2040.S.o
 .debug_abbrev  0x000039e9       0x14 CMakeFiles/blink.dir/home/teclis/pico/pico-sdk/src/rp2_common/pico_int64_ops/pico_int64_ops_aeabi.S.o
 .debug_abbrev  0x000039fd       0x12 CMakeFiles/blink.dir/home/teclis/pico/pico-sdk/src/rp2_common/pico_float/float_aeabi_rp2040.S.o
 .debug_abbrev  0x00003a0f      0x173 CMakeFiles/blink.dir/home/teclis/pico/pico-sdk/src/rp2_common/pico_float/float_init_rom_rp2040.c.o
 .debug_abbrev  0x00003b82       0x12 CMakeFiles/blink.dir/home/teclis/pico/pico-sdk/src/rp2_common/pico_float/float_v1_rom_shim_rp2040.S.o
 .debug_abbrev  0x00003b94       0x12 CMakeFiles/blink.dir/home/teclis/pico/pico-sdk/src/rp2_common/pico_mem_ops/mem_ops_aeabi.S.o
 .debug_abbrev  0x00003ba6       0xb8 CMakeFiles/blink.dir/home/teclis/pico/pico-sdk/src/rp2_common/pico_standard_binary_info/standard_binary_info.c.o
 .debug_abbrev  0x00003c5e      0x50c CMakeFiles/blink.dir/home/teclis/pico/pico-sdk/src/rp2_common/pico_printf/printf.c.o
 .debug_abbrev  0x0000416a       0x12 CMakeFiles/blink.dir/home/teclis/pico/pico-sdk/src/rp2_common/pico_crt0/crt0.S.o
 .debug_abbrev  0x0000417c      0x352 CMakeFiles/blink.dir/home/teclis/pico/pico-sdk/src/rp2_common/pico_clib_interface/newlib_interface.c.o
 .debug_abbrev  0x000044ce      0x5d9 CMakeFiles/blink.dir/home/teclis/pico/pico-sdk/src/rp2_common/pico_stdio/stdio.c.o
 .debug_abbrev  0x00004aa7       0x26 /usr/lib/gcc/arm-none-eabi/14.2.0/thumb/v6-m/nofp/libgcc.a(_dvmd_tls.o)
 .debug_abbrev  0x00004acd       0xbe /usr/lib/gcc/arm-none-eabi/14.2.0/../../../../arm-none-eabi/lib/thumb/v6-m/nofp/libg.a(libc_a-atexit.o)
 .debug_abbrev  0x00004b8b       0xc9 /usr/lib/gcc/arm-none-eabi/14.2.0/../../../../arm-none-eabi/lib/thumb/v6-m/nofp/libg.a(libc_a-fini.o)
 .debug_abbrev  0x00004c54      0x115 /usr/lib/gcc/arm-none-eabi/14.2.0/../../../../arm-none-eabi/lib/thumb/v6-m/nofp/libg.a(libc_a-lock.o)
 .debug_abbrev  0x00004d69       0x90 /usr/lib/gcc/arm-none-eabi/14.2.0/../../../../arm-none-eabi/lib/thumb/v6-m/nofp/libg.a(libc_a-strlen-stub.o)
 .debug_abbrev  0x00004df9      0x189 /usr/lib/gcc/arm-none-eabi/14.2.0/../../../../arm-none-eabi/lib/thumb/v6-m/nofp/libg.a(libc_a-__atexit.o)
 .debug_abbrev  0x00004f82      0x200 /usr/lib/gcc/arm-none-eabi/14.2.0/../../../../arm-none-eabi/lib/thumb/v6-m/nofp/libg.a(libc_a-__call_atexit.o)

.debug_loclists
                0x00000000     0xfcc6
 .debug_loclists
                0x00000000      0x160 CMakeFiles/blink.dir/blink.c.o
 .debug_loclists
                0x00000160     0x1ac0 CMakeFiles/blink.dir/home/teclis/pico/pico-sdk/src/rp2_common/hardware_gpio/gpio.c.o
 .debug_loclists
                0x00001c20      0x349 CMakeFiles/blink.dir/home/teclis/pico/pico-sdk/src/common/hardware_claim/claim.c.o
 .debug_loclists
                0x00001f69      0x108 CMakeFiles/blink.dir/home/teclis/pico/pico-sdk/src/rp2_common/hardware_sync/sync.c.o
 .debug_loclists
                0x00002071       0x7d CMakeFiles/blink.dir/home/teclis/pico/pico-sdk/src/rp2_common/hardware_sync_spin_lock/sync_spin_lock.c.o
 .debug_loclists
                0x000020ee     0x11bc CMakeFiles/blink.dir/home/teclis/pico/pico-sdk/src/rp2_common/hardware_irq/irq.c.o
 .debug_loclists
                0x000032aa       0x41 CMakeFiles/blink.dir/home/teclis/pico/pico-sdk/src/common/pico_sync/lock_core.c.o
 .debug_loclists
                0x000032eb      0xaec CMakeFiles/blink.dir/home/teclis/pico/pico-sdk/src/common/pico_sync/mutex.c.o
 .debug_loclists
                0x00003dd7     0x277d CMakeFiles/blink.dir/home/teclis/pico/pico-sdk/src/common/pico_time/time.c.o
 .debug_loclists
                0x00006554     0x19eb CMakeFiles/blink.dir/home/teclis/pico/pico-sdk/src/rp2_common/hardware_timer/timer.c.o
 .debug_loclists
                0x00007f3f     0x294a CMakeFiles/blink.dir/home/teclis/pico/pico-sdk/src/rp2_common/hardware_clocks/clocks.c.o
 .debug_loclists
                0x0000a889      0x1e0 CMakeFiles/blink.dir/home/teclis/pico/pico-sdk/src/rp2_common/hardware_pll/pll.c.o
 .debug_loclists
                0x0000aa69       0x47 CMakeFiles/blink.dir/home/teclis/pico/pico-sdk/src/rp2_common/hardware_ticks/ticks.c.o
 .debug_loclists
                0x0000aab0      0x342 CMakeFiles/blink.dir/home/teclis/pico/pico-sdk/src/rp2_common/pico_bootrom/bootrom.c.o
 .debug_loclists
                0x0000adf2       0x48 CMakeFiles/blink.dir/home/teclis/pico/pico-sdk/src/rp2_common/hardware_xosc/xosc.c.o
 .debug_loclists
                0x0000ae3a       0x7e CMakeFiles/blink.dir/home/teclis/pico/pico-sdk/src/rp2_common/pico_runtime/runtime.c.o
 .debug_loclists
                0x0000aeb8       0xba CMakeFiles/blink.dir/home/teclis/pico/pico-sdk/src/rp2_common/pico_runtime_init/runtime_init.c.o
 .debug_loclists
                0x0000af72       0x74 CMakeFiles/blink.dir/home/teclis/pico/pico-sdk/src/rp2_common/pico_runtime_init/runtime_init_clocks.c.o
 .debug_loclists
                0x0000afe6       0x3d CMakeFiles/blink.dir/home/teclis/pico/pico-sdk/src/rp2_common/pico_double/double_init_rom_rp2040.c.o
 .debug_loclists
                0x0000b023       0x59 CMakeFiles/blink.dir/home/teclis/pico/pico-sdk/src/rp2_common/pico_float/float_init_rom_rp2040.c.o
 .debug_loclists
                0x0000b07c     0x355f CMakeFiles/blink.dir/home/teclis/pico/pico-sdk/src/rp2_common/pico_printf/printf.c.o
 .debug_loclists
                0x0000e5db      0x431 CMakeFiles/blink.dir/home/teclis/pico/pico-sdk/src/rp2_common/pico_clib_interface/newlib_interface.c.o
 .debug_loclists
                0x0000ea0c      0xf51 CMakeFiles/blink.dir/home/teclis/pico/pico-sdk/src/rp2_common/pico_stdio/stdio.c.o
 .debug_loclists
                0x0000f95d       0x30 /usr/lib/gcc/arm-none-eabi/14.2.0/../../../../arm-none-eabi/lib/thumb/v6-m/nofp/libg.a(libc_a-atexit.o)
 .debug_loclists
                0x0000f98d       0x34 /usr/lib/gcc/arm-none-eabi/14.2.0/../../../../arm-none-eabi/lib/thumb/v6-m/nofp/libg.a(libc_a-fini.o)
 .debug_loclists
                0x0000f9c1       0x29 /usr/lib/gcc/arm-none-eabi/14.2.0/../../../../arm-none-eabi/lib/thumb/v6-m/nofp/libg.a(libc_a-lock.o)
 .debug_loclists
                0x0000f9ea       0x64 /usr/lib/gcc/arm-none-eabi/14.2.0/../../../../arm-none-eabi/lib/thumb/v6-m/nofp/libg.a(libc_a-strlen-stub.o)
 .debug_loclists
                0x0000fa4e      0x122 /usr/lib/gcc/arm-none-eabi/14.2.0/../../../../arm-none-eabi/lib/thumb/v6-m/nofp/libg.a(libc_a-__atexit.o)
 .debug_loclists
                0x0000fb70      0x156 /usr/lib/gcc/arm-none-eabi/14.2.0/../../../../arm-none-eabi/lib/thumb/v6-m/nofp/libg.a(libc_a-__call_atexit.o)

.debug_aranges  0x00000000      0xf88
 .debug_aranges
                0x00000000       0x30 CMakeFiles/blink.dir/blink.c.o
 .debug_aranges
                0x00000030      0x120 CMakeFiles/blink.dir/home/teclis/pico/pico-sdk/src/rp2_common/hardware_gpio/gpio.c.o
 .debug_aranges
                0x00000150       0x28 CMakeFiles/blink.dir/home/teclis/pico/pico-sdk/src/rp2_common/pico_platform_panic/panic.c.o
 .debug_aranges
                0x00000178       0x48 CMakeFiles/blink.dir/home/teclis/pico/pico-sdk/src/common/hardware_claim/claim.c.o
 .debug_aranges
                0x000001c0       0x48 CMakeFiles/blink.dir/home/teclis/pico/pico-sdk/src/rp2_common/hardware_sync/sync.c.o
 .debug_aranges
                0x00000208       0x28 CMakeFiles/blink.dir/home/teclis/pico/pico-sdk/src/rp2_common/hardware_sync_spin_lock/sync_spin_lock.c.o
 .debug_aranges
                0x00000230       0xb0 CMakeFiles/blink.dir/home/teclis/pico/pico-sdk/src/rp2_common/hardware_irq/irq.c.o
 .debug_aranges
                0x000002e0       0x20 CMakeFiles/blink.dir/home/teclis/pico/pico-sdk/src/common/pico_sync/lock_core.c.o
 .debug_aranges
                0x00000300       0x98 CMakeFiles/blink.dir/home/teclis/pico/pico-sdk/src/common/pico_sync/mutex.c.o
 .debug_aranges
                0x00000398       0xe0 CMakeFiles/blink.dir/home/teclis/pico/pico-sdk/src/common/pico_time/time.c.o
 .debug_aranges
                0x00000478       0xf0 CMakeFiles/blink.dir/home/teclis/pico/pico-sdk/src/rp2_common/hardware_timer/timer.c.o
 .debug_aranges
                0x00000568       0x90 CMakeFiles/blink.dir/home/teclis/pico/pico-sdk/src/rp2_common/hardware_clocks/clocks.c.o
 .debug_aranges
                0x000005f8       0x28 CMakeFiles/blink.dir/home/teclis/pico/pico-sdk/src/rp2_common/hardware_pll/pll.c.o
 .debug_aranges
                0x00000620       0x30 CMakeFiles/blink.dir/home/teclis/pico/pico-sdk/src/rp2_common/hardware_ticks/ticks.c.o
 .debug_aranges
                0x00000650       0x40 CMakeFiles/blink.dir/home/teclis/pico/pico-sdk/src/rp2_common/pico_bootrom/bootrom.c.o
 .debug_aranges
                0x00000690       0x30 CMakeFiles/blink.dir/home/teclis/pico/pico-sdk/src/rp2_common/hardware_xosc/xosc.c.o
 .debug_aranges
                0x000006c0       0x38 CMakeFiles/blink.dir/home/teclis/pico/pico-sdk/src/rp2_common/pico_runtime/runtime.c.o
 .debug_aranges
                0x000006f8       0x48 CMakeFiles/blink.dir/home/teclis/pico/pico-sdk/src/rp2_common/pico_runtime_init/runtime_init.c.o
 .debug_aranges
                0x00000740       0x20 CMakeFiles/blink.dir/home/teclis/pico/pico-sdk/src/rp2_common/pico_runtime_init/runtime_init_clocks.c.o
 .debug_aranges
                0x00000760       0x60 CMakeFiles/blink.dir/home/teclis/pico/pico-sdk/src/rp2_common/pico_bit_ops/bit_ops_aeabi.S.o
 .debug_aranges
                0x000007c0       0x40 CMakeFiles/blink.dir/home/teclis/pico/pico-sdk/src/rp2_common/pico_divider/divider_hardware.S.o
 .debug_aranges
                0x00000800      0x140 CMakeFiles/blink.dir/home/teclis/pico/pico-sdk/src/rp2_common/pico_double/double_aeabi_rp2040.S.o
 .debug_aranges
                0x00000940       0x20 CMakeFiles/blink.dir/home/teclis/pico/pico-sdk/src/rp2_common/pico_double/double_init_rom_rp2040.c.o
 .debug_aranges
                0x00000960       0xc8 CMakeFiles/blink.dir/home/teclis/pico/pico-sdk/src/rp2_common/pico_double/double_v1_rom_shim_rp2040.S.o
 .debug_aranges
                0x00000a28       0x20 CMakeFiles/blink.dir/home/teclis/pico/pico-sdk/src/rp2_common/pico_int64_ops/pico_int64_ops_aeabi.S.o
 .debug_aranges
                0x00000a48      0x130 CMakeFiles/blink.dir/home/teclis/pico/pico-sdk/src/rp2_common/pico_float/float_aeabi_rp2040.S.o
 .debug_aranges
                0x00000b78       0x20 CMakeFiles/blink.dir/home/teclis/pico/pico-sdk/src/rp2_common/pico_float/float_init_rom_rp2040.c.o
 .debug_aranges
                0x00000b98       0x50 CMakeFiles/blink.dir/home/teclis/pico/pico-sdk/src/rp2_common/pico_float/float_v1_rom_shim_rp2040.S.o
 .debug_aranges
                0x00000be8       0x38 CMakeFiles/blink.dir/home/teclis/pico/pico-sdk/src/rp2_common/pico_mem_ops/mem_ops_aeabi.S.o
 .debug_aranges
                0x00000c20       0x18 CMakeFiles/blink.dir/home/teclis/pico/pico-sdk/src/rp2_common/pico_standard_binary_info/standard_binary_info.c.o
 .debug_aranges
                0x00000c38       0x90 CMakeFiles/blink.dir/home/teclis/pico/pico-sdk/src/rp2_common/pico_printf/printf.c.o
 .debug_aranges
                0x00000cc8       0x28 CMakeFiles/blink.dir/home/teclis/pico/pico-sdk/src/rp2_common/pico_crt0/crt0.S.o
 .debug_aranges
                0x00000cf0       0xa0 CMakeFiles/blink.dir/home/teclis/pico/pico-sdk/src/rp2_common/pico_clib_interface/newlib_interface.c.o
 .debug_aranges
                0x00000d90       0xc8 CMakeFiles/blink.dir/home/teclis/pico/pico-sdk/src/rp2_common/pico_stdio/stdio.c.o
 .debug_aranges
                0x00000e58       0x20 /usr/lib/gcc/arm-none-eabi/14.2.0/thumb/v6-m/nofp/libgcc.a(_dvmd_tls.o)
 .debug_aranges
                0x00000e78       0x20 /usr/lib/gcc/arm-none-eabi/14.2.0/../../../../arm-none-eabi/lib/thumb/v6-m/nofp/libg.a(libc_a-atexit.o)
 .debug_aranges
                0x00000e98       0x20 /usr/lib/gcc/arm-none-eabi/14.2.0/../../../../arm-none-eabi/lib/thumb/v6-m/nofp/libg.a(libc_a-fini.o)
 .debug_aranges
                0x00000eb8       0x68 /usr/lib/gcc/arm-none-eabi/14.2.0/../../../../arm-none-eabi/lib/thumb/v6-m/nofp/libg.a(libc_a-lock.o)
 .debug_aranges
                0x00000f20       0x20 /usr/lib/gcc/arm-none-eabi/14.2.0/../../../../arm-none-eabi/lib/thumb/v6-m/nofp/libg.a(libc_a-strlen-stub.o)
 .debug_aranges
                0x00000f40       0x20 /usr/lib/gcc/arm-none-eabi/14.2.0/../../../../arm-none-eabi/lib/thumb/v6-m/nofp/libg.a(libc_a-__atexit.o)
 .debug_aranges
                0x00000f60       0x28 /usr/lib/gcc/arm-none-eabi/14.2.0/../../../../arm-none-eabi/lib/thumb/v6-m/nofp/libg.a(libc_a-__call_atexit.o)

.debug_rnglists
                0x00000000     0x2ae7
 .debug_rnglists
                0x00000000       0x79 CMakeFiles/blink.dir/blink.c.o
 .debug_rnglists
                0x00000079      0x5d0 CMakeFiles/blink.dir/home/teclis/pico/pico-sdk/src/rp2_common/hardware_gpio/gpio.c.o
 .debug_rnglists
                0x00000649       0x19 CMakeFiles/blink.dir/home/teclis/pico/pico-sdk/src/rp2_common/pico_platform_panic/panic.c.o
 .debug_rnglists
                0x00000662       0xb6 CMakeFiles/blink.dir/home/teclis/pico/pico-sdk/src/common/hardware_claim/claim.c.o
 .debug_rnglists
                0x00000718       0x58 CMakeFiles/blink.dir/home/teclis/pico/pico-sdk/src/rp2_common/hardware_sync/sync.c.o
 .debug_rnglists
                0x00000770       0x3d CMakeFiles/blink.dir/home/teclis/pico/pico-sdk/src/rp2_common/hardware_sync_spin_lock/sync_spin_lock.c.o
 .debug_rnglists
                0x000007ad      0x35c CMakeFiles/blink.dir/home/teclis/pico/pico-sdk/src/rp2_common/hardware_irq/irq.c.o
 .debug_rnglists
                0x00000b09       0x1f CMakeFiles/blink.dir/home/teclis/pico/pico-sdk/src/common/pico_sync/lock_core.c.o
 .debug_rnglists
                0x00000b28      0x325 CMakeFiles/blink.dir/home/teclis/pico/pico-sdk/src/common/pico_sync/mutex.c.o
 .debug_rnglists
                0x00000e4d      0x827 CMakeFiles/blink.dir/home/teclis/pico/pico-sdk/src/common/pico_time/time.c.o
 .debug_rnglists
                0x00001674      0x2c6 CMakeFiles/blink.dir/home/teclis/pico/pico-sdk/src/rp2_common/hardware_timer/timer.c.o
 .debug_rnglists
                0x0000193a      0x52d CMakeFiles/blink.dir/home/teclis/pico/pico-sdk/src/rp2_common/hardware_clocks/clocks.c.o
 .debug_rnglists
                0x00001e67       0x5c CMakeFiles/blink.dir/home/teclis/pico/pico-sdk/src/rp2_common/hardware_pll/pll.c.o
 .debug_rnglists
                0x00001ec3       0x2b CMakeFiles/blink.dir/home/teclis/pico/pico-sdk/src/rp2_common/hardware_ticks/ticks.c.o
 .debug_rnglists
                0x00001eee      0x103 CMakeFiles/blink.dir/home/teclis/pico/pico-sdk/src/rp2_common/pico_bootrom/bootrom.c.o
 .debug_rnglists
                0x00001ff1       0x2b CMakeFiles/blink.dir/home/teclis/pico/pico-sdk/src/rp2_common/hardware_xosc/xosc.c.o
 .debug_rnglists
                0x0000201c       0x3d CMakeFiles/blink.dir/home/teclis/pico/pico-sdk/src/rp2_common/pico_runtime/runtime.c.o
 .debug_rnglists
                0x00002059       0x49 CMakeFiles/blink.dir/home/teclis/pico/pico-sdk/src/rp2_common/pico_runtime_init/runtime_init.c.o
 .debug_rnglists
                0x000020a2       0x20 CMakeFiles/blink.dir/home/teclis/pico/pico-sdk/src/rp2_common/pico_runtime_init/runtime_init_clocks.c.o
 .debug_rnglists
                0x000020c2       0x43 CMakeFiles/blink.dir/home/teclis/pico/pico-sdk/src/rp2_common/pico_bit_ops/bit_ops_aeabi.S.o
 .debug_rnglists
                0x00002105       0x2c CMakeFiles/blink.dir/home/teclis/pico/pico-sdk/src/rp2_common/pico_divider/divider_hardware.S.o
 .debug_rnglists
                0x00002131       0xed CMakeFiles/blink.dir/home/teclis/pico/pico-sdk/src/rp2_common/pico_double/double_aeabi_rp2040.S.o
 .debug_rnglists
                0x0000221e       0x14 CMakeFiles/blink.dir/home/teclis/pico/pico-sdk/src/rp2_common/pico_double/double_init_rom_rp2040.c.o
 .debug_rnglists
                0x00002232       0x99 CMakeFiles/blink.dir/home/teclis/pico/pico-sdk/src/rp2_common/pico_double/double_v1_rom_shim_rp2040.S.o
 .debug_rnglists
                0x000022cb       0xdf CMakeFiles/blink.dir/home/teclis/pico/pico-sdk/src/rp2_common/pico_float/float_aeabi_rp2040.S.o
 .debug_rnglists
                0x000023aa       0x13 CMakeFiles/blink.dir/home/teclis/pico/pico-sdk/src/rp2_common/pico_float/float_init_rom_rp2040.c.o
 .debug_rnglists
                0x000023bd       0x38 CMakeFiles/blink.dir/home/teclis/pico/pico-sdk/src/rp2_common/pico_float/float_v1_rom_shim_rp2040.S.o
 .debug_rnglists
                0x000023f5       0x25 CMakeFiles/blink.dir/home/teclis/pico/pico-sdk/src/rp2_common/pico_mem_ops/mem_ops_aeabi.S.o
 .debug_rnglists
                0x0000241a      0x2a2 CMakeFiles/blink.dir/home/teclis/pico/pico-sdk/src/rp2_common/pico_printf/printf.c.o
 .debug_rnglists
                0x000026bc       0x1b CMakeFiles/blink.dir/home/teclis/pico/pico-sdk/src/rp2_common/pico_crt0/crt0.S.o
 .debug_rnglists
                0x000026d7       0x7f CMakeFiles/blink.dir/home/teclis/pico/pico-sdk/src/rp2_common/pico_clib_interface/newlib_interface.c.o
 .debug_rnglists
                0x00002756      0x2bb CMakeFiles/blink.dir/home/teclis/pico/pico-sdk/src/rp2_common/pico_stdio/stdio.c.o
 .debug_rnglists
                0x00002a11       0x13 /usr/lib/gcc/arm-none-eabi/14.2.0/../../../../arm-none-eabi/lib/thumb/v6-m/nofp/libg.a(libc_a-atexit.o)
 .debug_rnglists
                0x00002a24       0x13 /usr/lib/gcc/arm-none-eabi/14.2.0/../../../../arm-none-eabi/lib/thumb/v6-m/nofp/libg.a(libc_a-fini.o)
 .debug_rnglists
                0x00002a37       0x49 /usr/lib/gcc/arm-none-eabi/14.2.0/../../../../arm-none-eabi/lib/thumb/v6-m/nofp/libg.a(libc_a-lock.o)
 .debug_rnglists
                0x00002a80       0x13 /usr/lib/gcc/arm-none-eabi/14.2.0/../../../../arm-none-eabi/lib/thumb/v6-m/nofp/libg.a(libc_a-strlen-stub.o)
 .debug_rnglists
                0x00002a93       0x14 /usr/lib/gcc/arm-none-eabi/14.2.0/../../../../arm-none-eabi/lib/thumb/v6-m/nofp/libg.a(libc_a-__atexit.o)
 .debug_rnglists
                0x00002aa7       0x40 /usr/lib/gcc/arm-none-eabi/14.2.0/../../../../arm-none-eabi/lib/thumb/v6-m/nofp/libg.a(libc_a-__call_atexit.o)

.debug_line     0x00000000    0x15090
 .debug_line    0x00000000      0x444 CMakeFiles/blink.dir/blink.c.o
 .debug_line    0x00000444     0x1c19 CMakeFiles/blink.dir/home/teclis/pico/pico-sdk/src/rp2_common/hardware_gpio/gpio.c.o
 .debug_line    0x0000205d      0x1fa CMakeFiles/blink.dir/home/teclis/pico/pico-sdk/src/rp2_common/pico_platform_panic/panic.c.o
 .debug_line    0x00002257      0x86d CMakeFiles/blink.dir/home/teclis/pico/pico-sdk/src/common/hardware_claim/claim.c.o
 .debug_line    0x00002ac4      0x458 CMakeFiles/blink.dir/home/teclis/pico/pico-sdk/src/rp2_common/hardware_sync/sync.c.o
 .debug_line    0x00002f1c      0x342 CMakeFiles/blink.dir/home/teclis/pico/pico-sdk/src/rp2_common/hardware_sync_spin_lock/sync_spin_lock.c.o
 .debug_line    0x0000325e     0x1663 CMakeFiles/blink.dir/home/teclis/pico/pico-sdk/src/rp2_common/hardware_irq/irq.c.o
 .debug_line    0x000048c1      0x26d CMakeFiles/blink.dir/home/teclis/pico/pico-sdk/src/common/pico_sync/lock_core.c.o
 .debug_line    0x00004b2e     0x1ac6 CMakeFiles/blink.dir/home/teclis/pico/pico-sdk/src/common/pico_sync/mutex.c.o
 .debug_line    0x000065f4     0x34c6 CMakeFiles/blink.dir/home/teclis/pico/pico-sdk/src/common/pico_time/time.c.o
 .debug_line    0x00009aba     0x1c7e CMakeFiles/blink.dir/home/teclis/pico/pico-sdk/src/rp2_common/hardware_timer/timer.c.o
 .debug_line    0x0000b738     0x1f92 CMakeFiles/blink.dir/home/teclis/pico/pico-sdk/src/rp2_common/hardware_clocks/clocks.c.o
 .debug_line    0x0000d6ca      0x478 CMakeFiles/blink.dir/home/teclis/pico/pico-sdk/src/rp2_common/hardware_pll/pll.c.o
 .debug_line    0x0000db42      0x2cc CMakeFiles/blink.dir/home/teclis/pico/pico-sdk/src/rp2_common/hardware_ticks/ticks.c.o
 .debug_line    0x0000de0e      0x3f7 CMakeFiles/blink.dir/home/teclis/pico/pico-sdk/src/rp2_common/pico_bootrom/bootrom.c.o
 .debug_line    0x0000e205      0x2e5 CMakeFiles/blink.dir/home/teclis/pico/pico-sdk/src/rp2_common/hardware_xosc/xosc.c.o
 .debug_line    0x0000e4ea      0x2a9 CMakeFiles/blink.dir/home/teclis/pico/pico-sdk/src/rp2_common/pico_runtime/runtime.c.o
 .debug_line    0x0000e793      0x4ba CMakeFiles/blink.dir/home/teclis/pico/pico-sdk/src/rp2_common/pico_runtime_init/runtime_init.c.o
 .debug_line    0x0000ec4d      0x4c7 CMakeFiles/blink.dir/home/teclis/pico/pico-sdk/src/rp2_common/pico_runtime_init/runtime_init_clocks.c.o
 .debug_line    0x0000f114      0x107 CMakeFiles/blink.dir/home/teclis/pico/pico-sdk/src/rp2_common/pico_bit_ops/bit_ops_aeabi.S.o
 .debug_line    0x0000f21b      0x2a9 CMakeFiles/blink.dir/home/teclis/pico/pico-sdk/src/rp2_common/pico_divider/divider_hardware.S.o
 .debug_line    0x0000f4c4      0x3f8 CMakeFiles/blink.dir/home/teclis/pico/pico-sdk/src/rp2_common/pico_double/double_aeabi_rp2040.S.o
 .debug_line    0x0000f8bc      0x404 CMakeFiles/blink.dir/home/teclis/pico/pico-sdk/src/rp2_common/pico_double/double_init_rom_rp2040.c.o
 .debug_line    0x0000fcc0      0x66d CMakeFiles/blink.dir/home/teclis/pico/pico-sdk/src/rp2_common/pico_double/double_v1_rom_shim_rp2040.S.o
 .debug_line    0x0001032d       0x61 CMakeFiles/blink.dir/home/teclis/pico/pico-sdk/src/rp2_common/pico_int64_ops/pico_int64_ops_aeabi.S.o
 .debug_line    0x0001038e      0x3b4 CMakeFiles/blink.dir/home/teclis/pico/pico-sdk/src/rp2_common/pico_float/float_aeabi_rp2040.S.o
 .debug_line    0x00010742      0x319 CMakeFiles/blink.dir/home/teclis/pico/pico-sdk/src/rp2_common/pico_float/float_init_rom_rp2040.c.o
 .debug_line    0x00010a5b      0x195 CMakeFiles/blink.dir/home/teclis/pico/pico-sdk/src/rp2_common/pico_float/float_v1_rom_shim_rp2040.S.o
 .debug_line    0x00010bf0       0x94 CMakeFiles/blink.dir/home/teclis/pico/pico-sdk/src/rp2_common/pico_mem_ops/mem_ops_aeabi.S.o
 .debug_line    0x00010c84      0x18d CMakeFiles/blink.dir/home/teclis/pico/pico-sdk/src/rp2_common/pico_standard_binary_info/standard_binary_info.c.o
 .debug_line    0x00010e11     0x1c60 CMakeFiles/blink.dir/home/teclis/pico/pico-sdk/src/rp2_common/pico_printf/printf.c.o
 .debug_line    0x00012a71       0xa5 CMakeFiles/blink.dir/home/teclis/pico/pico-sdk/src/rp2_common/pico_crt0/crt0.S.o
 .debug_line    0x00012b16      0x7b0 CMakeFiles/blink.dir/home/teclis/pico/pico-sdk/src/rp2_common/pico_clib_interface/newlib_interface.c.o
 .debug_line    0x000132c6     0x13d5 CMakeFiles/blink.dir/home/teclis/pico/pico-sdk/src/rp2_common/pico_stdio/stdio.c.o
 .debug_line    0x0001469b       0x4a /usr/lib/gcc/arm-none-eabi/14.2.0/thumb/v6-m/nofp/libgcc.a(_dvmd_tls.o)
 .debug_line    0x000146e5       0xe7 /usr/lib/gcc/arm-none-eabi/14.2.0/../../../../arm-none-eabi/lib/thumb/v6-m/nofp/libg.a(libc_a-atexit.o)
 .debug_line    0x000147cc       0xe7 /usr/lib/gcc/arm-none-eabi/14.2.0/../../../../arm-none-eabi/lib/thumb/v6-m/nofp/libg.a(libc_a-fini.o)
 .debug_line    0x000148b3      0x17d /usr/lib/gcc/arm-none-eabi/14.2.0/../../../../arm-none-eabi/lib/thumb/v6-m/nofp/libg.a(libc_a-lock.o)
 .debug_line    0x00014a30      0x1e1 /usr/lib/gcc/arm-none-eabi/14.2.0/../../../../arm-none-eabi/lib/thumb/v6-m/nofp/libg.a(libc_a-strlen-stub.o)
 .debug_line    0x00014c11      0x19a /usr/lib/gcc/arm-none-eabi/14.2.0/../../../../arm-none-eabi/lib/thumb/v6-m/nofp/libg.a(libc_a-__atexit.o)
 .debug_line    0x00014dab      0x2e5 /usr/lib/gcc/arm-none-eabi/14.2.0/../../../../arm-none-eabi/lib/thumb/v6-m/nofp/libg.a(libc_a-__call_atexit.o)

.debug_str      0x00000000     0x4877
 .debug_str     0x00000000     0x4877 CMakeFiles/blink.dir/blink.c.o
                                0x67f (size before relaxing)
 .debug_str     0x00004877      0xc6a CMakeFiles/blink.dir/home/teclis/pico/pico-sdk/src/rp2_common/hardware_gpio/gpio.c.o
 .debug_str     0x00004877      0x1f5 CMakeFiles/blink.dir/home/teclis/pico/pico-sdk/src/rp2_common/pico_platform_panic/panic.c.o
 .debug_str     0x00004877      0x378 CMakeFiles/blink.dir/home/teclis/pico/pico-sdk/src/common/hardware_claim/claim.c.o
 .debug_str     0x00004877      0x321 CMakeFiles/blink.dir/home/teclis/pico/pico-sdk/src/rp2_common/hardware_sync/sync.c.o
 .debug_str     0x00004877      0x234 CMakeFiles/blink.dir/home/teclis/pico/pico-sdk/src/rp2_common/hardware_sync_spin_lock/sync_spin_lock.c.o
 .debug_str     0x00004877      0xa58 CMakeFiles/blink.dir/home/teclis/pico/pico-sdk/src/rp2_common/hardware_irq/irq.c.o
 .debug_str     0x00004877      0x200 CMakeFiles/blink.dir/home/teclis/pico/pico-sdk/src/common/pico_sync/lock_core.c.o
 .debug_str     0x00004877      0x793 CMakeFiles/blink.dir/home/teclis/pico/pico-sdk/src/common/pico_sync/mutex.c.o
 .debug_str     0x00004877     0x1189 CMakeFiles/blink.dir/home/teclis/pico/pico-sdk/src/common/pico_time/time.c.o
 .debug_str     0x00004877      0x9db CMakeFiles/blink.dir/home/teclis/pico/pico-sdk/src/rp2_common/hardware_timer/timer.c.o
 .debug_str     0x00004877      0x98a CMakeFiles/blink.dir/home/teclis/pico/pico-sdk/src/rp2_common/hardware_clocks/clocks.c.o
 .debug_str     0x00004877      0x453 CMakeFiles/blink.dir/home/teclis/pico/pico-sdk/src/rp2_common/hardware_pll/pll.c.o
 .debug_str     0x00004877      0x282 CMakeFiles/blink.dir/home/teclis/pico/pico-sdk/src/rp2_common/hardware_ticks/ticks.c.o
 .debug_str     0x00004877      0x330 CMakeFiles/blink.dir/home/teclis/pico/pico-sdk/src/rp2_common/pico_bootrom/bootrom.c.o
 .debug_str     0x00004877      0x237 CMakeFiles/blink.dir/home/teclis/pico/pico-sdk/src/rp2_common/hardware_xosc/xosc.c.o
 .debug_str     0x00004877      0x287 CMakeFiles/blink.dir/home/teclis/pico/pico-sdk/src/rp2_common/pico_runtime/runtime.c.o
 .debug_str     0x00004877      0x77b CMakeFiles/blink.dir/home/teclis/pico/pico-sdk/src/rp2_common/pico_runtime_init/runtime_init.c.o
 .debug_str     0x00004877      0x48f CMakeFiles/blink.dir/home/teclis/pico/pico-sdk/src/rp2_common/pico_runtime_init/runtime_init_clocks.c.o
 .debug_str     0x00004877       0x86 CMakeFiles/blink.dir/home/teclis/pico/pico-sdk/src/rp2_common/pico_bit_ops/bit_ops_aeabi.S.o
 .debug_str     0x00004877       0x89 CMakeFiles/blink.dir/home/teclis/pico/pico-sdk/src/rp2_common/pico_divider/divider_hardware.S.o
 .debug_str     0x00004877       0x8b CMakeFiles/blink.dir/home/teclis/pico/pico-sdk/src/rp2_common/pico_double/double_aeabi_rp2040.S.o
 .debug_str     0x00004877      0x2b0 CMakeFiles/blink.dir/home/teclis/pico/pico-sdk/src/rp2_common/pico_double/double_init_rom_rp2040.c.o
 .debug_str     0x00004877       0x91 CMakeFiles/blink.dir/home/teclis/pico/pico-sdk/src/rp2_common/pico_double/double_v1_rom_shim_rp2040.S.o
 .debug_str     0x00004877       0x8f CMakeFiles/blink.dir/home/teclis/pico/pico-sdk/src/rp2_common/pico_int64_ops/pico_int64_ops_aeabi.S.o
 .debug_str     0x00004877       0x89 CMakeFiles/blink.dir/home/teclis/pico/pico-sdk/src/rp2_common/pico_float/float_aeabi_rp2040.S.o
 .debug_str     0x00004877      0x295 CMakeFiles/blink.dir/home/teclis/pico/pico-sdk/src/rp2_common/pico_float/float_init_rom_rp2040.c.o
 .debug_str     0x00004877       0x8f CMakeFiles/blink.dir/home/teclis/pico/pico-sdk/src/rp2_common/pico_float/float_v1_rom_shim_rp2040.S.o
 .debug_str     0x00004877       0x86 CMakeFiles/blink.dir/home/teclis/pico/pico-sdk/src/rp2_common/pico_mem_ops/mem_ops_aeabi.S.o
 .debug_str     0x00004877      0x3f6 CMakeFiles/blink.dir/home/teclis/pico/pico-sdk/src/rp2_common/pico_standard_binary_info/standard_binary_info.c.o
 .debug_str     0x00004877      0x4d9 CMakeFiles/blink.dir/home/teclis/pico/pico-sdk/src/rp2_common/pico_printf/printf.c.o
 .debug_str     0x00004877       0x7a CMakeFiles/blink.dir/home/teclis/pico/pico-sdk/src/rp2_common/pico_crt0/crt0.S.o
 .debug_str     0x00004877      0x715 CMakeFiles/blink.dir/home/teclis/pico/pico-sdk/src/rp2_common/pico_clib_interface/newlib_interface.c.o
 .debug_str     0x00004877      0xd70 CMakeFiles/blink.dir/home/teclis/pico/pico-sdk/src/rp2_common/pico_stdio/stdio.c.o
 .debug_str     0x00004877       0xba /usr/lib/gcc/arm-none-eabi/14.2.0/thumb/v6-m/nofp/libgcc.a(_dvmd_tls.o)
 .debug_str     0x00004877      0x1f7 /usr/lib/gcc/arm-none-eabi/14.2.0/../../../../arm-none-eabi/lib/thumb/v6-m/nofp/libg.a(libc_a-atexit.o)
 .debug_str     0x00004877      0x1f1 /usr/lib/gcc/arm-none-eabi/14.2.0/../../../../arm-none-eabi/lib/thumb/v6-m/nofp/libg.a(libc_a-fini.o)
 .debug_str     0x00004877      0x351 /usr/lib/gcc/arm-none-eabi/14.2.0/../../../../arm-none-eabi/lib/thumb/v6-m/nofp/libg.a(libc_a-lock.o)
 .debug_str     0x00004877      0x1d7 /usr/lib/gcc/arm-none-eabi/14.2.0/../../../../arm-none-eabi/lib/thumb/v6-m/nofp/libg.a(libc_a-strlen-stub.o)
 .debug_str     0x00004877      0x2ce /usr/lib/gcc/arm-none-eabi/14.2.0/../../../../arm-none-eabi/lib/thumb/v6-m/nofp/libg.a(libc_a-__atexit.o)
 .debug_str     0x00004877      0x2f7 /usr/lib/gcc/arm-none-eabi/14.2.0/../../../../arm-none-eabi/lib/thumb/v6-m/nofp/libg.a(libc_a-__call_atexit.o)

.debug_frame    0x00000000     0x1b38
 .debug_frame   0x00000000       0x54 CMakeFiles/blink.dir/blink.c.o
 .debug_frame   0x00000054      0x330 CMakeFiles/blink.dir/home/teclis/pico/pico-sdk/src/rp2_common/hardware_gpio/gpio.c.o
 .debug_frame   0x00000384       0x44 CMakeFiles/blink.dir/home/teclis/pico/pico-sdk/src/rp2_common/pico_platform_panic/panic.c.o
 .debug_frame   0x000003c8       0xa0 CMakeFiles/blink.dir/home/teclis/pico/pico-sdk/src/common/hardware_claim/claim.c.o
 .debug_frame   0x00000468       0xa8 CMakeFiles/blink.dir/home/teclis/pico/pico-sdk/src/rp2_common/hardware_sync/sync.c.o
 .debug_frame   0x00000510       0x30 CMakeFiles/blink.dir/home/teclis/pico/pico-sdk/src/rp2_common/hardware_sync_spin_lock/sync_spin_lock.c.o
 .debug_frame   0x00000540      0x1bc CMakeFiles/blink.dir/home/teclis/pico/pico-sdk/src/rp2_common/hardware_irq/irq.c.o
 .debug_frame   0x000006fc       0x20 CMakeFiles/blink.dir/home/teclis/pico/pico-sdk/src/common/pico_sync/lock_core.c.o
 .debug_frame   0x0000071c      0x1e8 CMakeFiles/blink.dir/home/teclis/pico/pico-sdk/src/common/pico_sync/mutex.c.o
 .debug_frame   0x00000904      0x2e8 CMakeFiles/blink.dir/home/teclis/pico/pico-sdk/src/common/pico_time/time.c.o
 .debug_frame   0x00000bec      0x2c4 CMakeFiles/blink.dir/home/teclis/pico/pico-sdk/src/rp2_common/hardware_timer/timer.c.o
 .debug_frame   0x00000eb0      0x1f0 CMakeFiles/blink.dir/home/teclis/pico/pico-sdk/src/rp2_common/hardware_clocks/clocks.c.o